Component: ARM Compiler 5.06 update 6 (build 750) Tool: armlink [4d35ed]

==============================================================================

Section Cross References

    startup_stm32l475xx.o(RESET) refers to startup_stm32l475xx.o(STACK) for __initial_sp
    startup_stm32l475xx.o(RESET) refers to startup_stm32l475xx.o(.text) for Reset_Handler
    startup_stm32l475xx.o(RESET) refers to stm32l4xx_it.o(i.NMI_Handler) for NMI_Handler
    startup_stm32l475xx.o(RESET) refers to stm32l4xx_it.o(i.HardFault_Handler) for HardFault_Handler
    startup_stm32l475xx.o(RESET) refers to stm32l4xx_it.o(i.MemManage_Handler) for MemManage_Handler
    startup_stm32l475xx.o(RESET) refers to stm32l4xx_it.o(i.BusFault_Handler) for BusFault_Handler
    startup_stm32l475xx.o(RESET) refers to stm32l4xx_it.o(i.UsageFault_Handler) for UsageFault_Handler
    startup_stm32l475xx.o(RESET) refers to port.o(.emb_text) for SVC_Handler
    startup_stm32l475xx.o(RESET) refers to stm32l4xx_it.o(i.DebugMon_Handler) for DebugMon_Handler
    startup_stm32l475xx.o(RESET) refers to stm32l4xx_it.o(i.SysTick_Handler) for SysTick_Handler
    startup_stm32l475xx.o(RESET) refers to stm32l4xx_it.o(i.TIM1_TRG_COM_TIM17_IRQHandler) for TIM1_TRG_COM_TIM17_IRQHandler
    startup_stm32l475xx.o(.text) refers to system_stm32l4xx.o(i.SystemInit) for SystemInit
    startup_stm32l475xx.o(.text) refers to entry.o(.ARM.Collect$$$$00000000) for __main
    stm32l475e_iot01.o(i.BSP_COM_DeInit) refers to stm32l4xx_hal_uart.o(i.HAL_UART_DeInit) for HAL_UART_DeInit
    stm32l475e_iot01.o(i.BSP_COM_DeInit) refers to stm32l475e_iot01.o(.data) for .data
    stm32l475e_iot01.o(i.BSP_COM_Init) refers to stm32l4xx_hal_gpio.o(i.HAL_GPIO_Init) for HAL_GPIO_Init
    stm32l475e_iot01.o(i.BSP_COM_Init) refers to stm32l4xx_hal_uart.o(i.HAL_UART_Init) for HAL_UART_Init
    stm32l475e_iot01.o(i.BSP_COM_Init) refers to stm32l475e_iot01.o(.constdata) for .constdata
    stm32l475e_iot01.o(i.BSP_COM_Init) refers to stm32l475e_iot01.o(.data) for .data
    stm32l475e_iot01.o(i.BSP_LED_DeInit) refers to stm32l4xx_hal_gpio.o(i.HAL_GPIO_WritePin) for HAL_GPIO_WritePin
    stm32l475e_iot01.o(i.BSP_LED_DeInit) refers to stm32l4xx_hal_gpio.o(i.HAL_GPIO_DeInit) for HAL_GPIO_DeInit
    stm32l475e_iot01.o(i.BSP_LED_DeInit) refers to stm32l475e_iot01.o(.constdata) for .constdata
    stm32l475e_iot01.o(i.BSP_LED_DeInit) refers to stm32l475e_iot01.o(.data) for .data
    stm32l475e_iot01.o(i.BSP_LED_Init) refers to stm32l4xx_hal_gpio.o(i.HAL_GPIO_Init) for HAL_GPIO_Init
    stm32l475e_iot01.o(i.BSP_LED_Init) refers to stm32l475e_iot01.o(.constdata) for .constdata
    stm32l475e_iot01.o(i.BSP_LED_Init) refers to stm32l475e_iot01.o(.data) for .data
    stm32l475e_iot01.o(i.BSP_LED_Off) refers to stm32l4xx_hal_gpio.o(i.HAL_GPIO_WritePin) for HAL_GPIO_WritePin
    stm32l475e_iot01.o(i.BSP_LED_Off) refers to stm32l475e_iot01.o(.constdata) for .constdata
    stm32l475e_iot01.o(i.BSP_LED_Off) refers to stm32l475e_iot01.o(.data) for .data
    stm32l475e_iot01.o(i.BSP_LED_On) refers to stm32l4xx_hal_gpio.o(i.HAL_GPIO_WritePin) for HAL_GPIO_WritePin
    stm32l475e_iot01.o(i.BSP_LED_On) refers to stm32l475e_iot01.o(.constdata) for .constdata
    stm32l475e_iot01.o(i.BSP_LED_On) refers to stm32l475e_iot01.o(.data) for .data
    stm32l475e_iot01.o(i.BSP_LED_Toggle) refers to stm32l4xx_hal_gpio.o(i.HAL_GPIO_TogglePin) for HAL_GPIO_TogglePin
    stm32l475e_iot01.o(i.BSP_LED_Toggle) refers to stm32l475e_iot01.o(.constdata) for .constdata
    stm32l475e_iot01.o(i.BSP_LED_Toggle) refers to stm32l475e_iot01.o(.data) for .data
    stm32l475e_iot01.o(i.BSP_PB_DeInit) refers to stm32l4xx_hal_cortex.o(i.HAL_NVIC_DisableIRQ) for HAL_NVIC_DisableIRQ
    stm32l475e_iot01.o(i.BSP_PB_DeInit) refers to stm32l4xx_hal_gpio.o(i.HAL_GPIO_DeInit) for HAL_GPIO_DeInit
    stm32l475e_iot01.o(i.BSP_PB_DeInit) refers to stm32l475e_iot01.o(.constdata) for .constdata
    stm32l475e_iot01.o(i.BSP_PB_DeInit) refers to stm32l475e_iot01.o(.data) for .data
    stm32l475e_iot01.o(i.BSP_PB_GetState) refers to stm32l4xx_hal_gpio.o(i.HAL_GPIO_ReadPin) for HAL_GPIO_ReadPin
    stm32l475e_iot01.o(i.BSP_PB_GetState) refers to stm32l475e_iot01.o(.constdata) for .constdata
    stm32l475e_iot01.o(i.BSP_PB_GetState) refers to stm32l475e_iot01.o(.data) for .data
    stm32l475e_iot01.o(i.BSP_PB_Init) refers to stm32l4xx_hal_gpio.o(i.HAL_GPIO_Init) for HAL_GPIO_Init
    stm32l475e_iot01.o(i.BSP_PB_Init) refers to stm32l4xx_hal_cortex.o(i.HAL_NVIC_SetPriority) for HAL_NVIC_SetPriority
    stm32l475e_iot01.o(i.BSP_PB_Init) refers to stm32l4xx_hal_cortex.o(i.HAL_NVIC_EnableIRQ) for HAL_NVIC_EnableIRQ
    stm32l475e_iot01.o(i.BSP_PB_Init) refers to stm32l475e_iot01.o(.constdata) for .constdata
    stm32l475e_iot01.o(i.BSP_PB_Init) refers to stm32l475e_iot01.o(.data) for .data
    stm32l475e_iot01.o(i.I2Cx_DeInit) refers to stm32l4xx_hal_gpio.o(i.HAL_GPIO_DeInit) for HAL_GPIO_DeInit
[...]
    i.HAL_Init                               0x08001080   Section        0  stm32l4xx_hal.o(i.HAL_Init)
    i.HAL_InitTick                           0x08001098   Section        0  stm32l4xx_hal_timebase_tim.o(i.HAL_InitTick)
    i.HAL_MspInit                            0x0800110c   Section        0  stm32l4xx_hal_msp.o(i.HAL_MspInit)
    i.HAL_NVIC_EnableIRQ                     0x0800118c   Section        0  stm32l4xx_hal_cortex.o(i.HAL_NVIC_EnableIRQ)
    i.HAL_NVIC_SetPriority                   0x080011a4   Section        0  stm32l4xx_hal_cortex.o(i.HAL_NVIC_SetPriority)
    i.HAL_NVIC_SetPriorityGrouping           0x080011e4   Section        0  stm32l4xx_hal_cortex.o(i.HAL_NVIC_SetPriorityGrouping)
    i.HAL_PWREx_ControlVoltageScaling        0x08001208   Section        0  stm32l4xx_hal_pwr_ex.o(i.HAL_PWREx_ControlVoltageScaling)
    i.HAL_PWREx_GetVoltageRange              0x0800126c   Section        0  stm32l4xx_hal_pwr_ex.o(i.HAL_PWREx_GetVoltageRange)
    i.HAL_RCC_ClockConfig                    0x0800127c   Section        0  stm32l4xx_hal_rcc.o(i.HAL_RCC_ClockConfig)
    i.HAL_RCC_GetClockConfig                 0x08001390   Section        0  stm32l4xx_hal_rcc.o(i.HAL_RCC_GetClockConfig)
    i.HAL_RCC_GetHCLKFreq                    0x080013d0   Section        0  stm32l4xx_hal_rcc.o(i.HAL_RCC_GetHCLKFreq)
    i.HAL_RCC_GetPCLK1Freq                   0x080013dc   Section        0  stm32l4xx_hal_rcc.o(i.HAL_RCC_GetPCLK1Freq)
    i.HAL_RCC_GetPCLK2Freq                   0x080013fc   Section        0  stm32l4xx_hal_rcc.o(i.HAL_RCC_GetPCLK2Freq)
    i.HAL_RCC_GetSysClockFreq                0x0800141c   Section        0  stm32l4xx_hal_rcc.o(i.HAL_RCC_GetSysClockFreq)
    i.HAL_RCC_OscConfig                      0x080014e0   Section        0  stm32l4xx_hal_rcc.o(i.HAL_RCC_OscConfig)
    i.HAL_SYSTICK_CLKSourceConfig            0x0800194c   Section        0  stm32l4xx_hal_cortex.o(i.HAL_SYSTICK_CLKSourceConfig)
    i.HAL_SYSTICK_Config                     0x08001964   Section        0  stm32l4xx_hal_cortex.o(i.HAL_SYSTICK_Config)
    i.HAL_TIMEx_Break2Callback               0x0800198c   Section        0  stm32l4xx_hal_tim_ex.o(i.HAL_TIMEx_Break2Callback)
    i.HAL_TIMEx_BreakCallback                0x0800198e   Section        0  stm32l4xx_hal_tim_ex.o(i.HAL_TIMEx_BreakCallback)
    i.HAL_TIMEx_CommutationCallback          0x08001990   Section        0  stm32l4xx_hal_tim_ex.o(i.HAL_TIMEx_CommutationCallback)
    i.HAL_TIM_Base_Init                      0x08001992   Section        0  stm32l4xx_hal_tim.o(i.HAL_TIM_Base_Init)
    i.HAL_TIM_Base_MspInit                   0x080019c8   Section        0  stm32l4xx_hal_tim.o(i.HAL_TIM_Base_MspInit)
    i.HAL_TIM_Base_Start_IT                  0x080019cc   Section        0  stm32l4xx_hal_tim.o(i.HAL_TIM_Base_Start_IT)
    i.HAL_TIM_IC_CaptureCallback             0x080019fc   Section        0  stm32l4xx_hal_tim.o(i.HAL_TIM_IC_CaptureCallback)
    i.HAL_TIM_IRQHandler                     0x080019fe   Section        0  stm32l4xx_hal_tim.o(i.HAL_TIM_IRQHandler)
    i.HAL_TIM_OC_DelayElapsedCallback        0x08001b82   Section        0  stm32l4xx_hal_tim.o(i.HAL_TIM_OC_DelayElapsedCallback)
    i.HAL_TIM_PWM_PulseFinishedCallback      0x08001b84   Section        0  stm32l4xx_hal_tim.o(i.HAL_TIM_PWM_PulseFinishedCallback)
    i.HAL_TIM_PeriodElapsedCallback          0x08001b88   Section        0  main.o(i.HAL_TIM_PeriodElapsedCallback)
    i.HAL_TIM_TriggerCallback                0x08001b9c   Section        0  stm32l4xx_hal_tim.o(i.HAL_TIM_TriggerCallback)
    i.HAL_UART_Init                          0x08001b9e   Section        0  stm32l4xx_hal_uart.o(i.HAL_UART_Init)
    i.HAL_UART_MspInit                       0x08001c08   Section        0  stm32l4xx_hal_uart.o(i.HAL_UART_MspInit)
    i.HAL_UART_Transmit                      0x08001c0a   Section        0  stm32l4xx_hal_uart.o(i.HAL_UART_Transmit)
    i.HTS221_H_Init                          0x08001cba   Section        0  hts221.o(i.HTS221_H_Init)
    i.HTS221_H_ReadHumidity                  0x08001cdc   Section        0  hts221.o(i.HTS221_H_ReadHumidity)
    i.HTS221_H_ReadID                        0x08001d9c   Section        0  hts221.o(i.HTS221_H_ReadID)
    i.HTS221_T_Init                          0x08001db0   Section        0  hts221.o(i.HTS221_T_Init)
    i.HTS221_T_ReadTemp                      0x08001dd0   Section        0  hts221.o(i.HTS221_T_ReadTemp)
    i.HardFault_Handler                      0x08001e64   Section        0  stm32l4xx_it.o(i.HardFault_Handler)
    i.I2C_Flush_TXDR                         0x08001e66   Section        0  stm32l4xx_hal_i2c.o(i.I2C_Flush_TXDR)
    I2C_Flush_TXDR                           0x08001e67   Thumb Code    34  stm32l4xx_hal_i2c.o(i.I2C_Flush_TXDR)
    i.I2C_IsAcknowledgeFailed                0x08001e88   Section        0  stm32l4xx_hal_i2c.o(i.I2C_IsAcknowledgeFailed)
    I2C_IsAcknowledgeFailed                  0x08001e89   Thumb Code   128  stm32l4xx_hal_i2c.o(i.I2C_IsAcknowledgeFailed)
    i.I2C_RequestMemoryRead                  0x08001f0c   Section        0  stm32l4xx_hal_i2c.o(i.I2C_RequestMemoryRead)
    I2C_RequestMemoryRead                    0x08001f0d   Thumb Code    94  stm32l4xx_hal_i2c.o(i.I2C_RequestMemoryRead)
    i.I2C_RequestMemoryWrite                 0x08001f70   Section        0  stm32l4xx_hal_i2c.o(i.I2C_RequestMemoryWrite)
    I2C_RequestMemoryWrite                   0x08001f71   Thumb Code    94  stm32l4xx_hal_i2c.o(i.I2C_RequestMemoryWrite)
    i.I2C_TransferConfig                     0x08001fd4   Section        0  stm32l4xx_hal_i2c.o(i.I2C_TransferConfig)
    I2C_TransferConfig                       0x08001fd5   Thumb Code    40  stm32l4xx_hal_i2c.o(i.I2C_TransferConfig)
    i.I2C_WaitOnFlagUntilTimeout             0x08002000   Section        0  stm32l4xx_hal_i2c.o(i.I2C_WaitOnFlagUntilTimeout)
    I2C_WaitOnFlagUntilTimeout               0x08002001   Thumb Code    88  stm32l4xx_hal_i2c.o(i.I2C_WaitOnFlagUntilTimeout)
    i.I2C_WaitOnSTOPFlagUntilTimeout         0x08002058   Section        0  stm32l4xx_hal_i2c.o(i.I2C_WaitOnSTOPFlagUntilTimeout)
    I2C_WaitOnSTOPFlagUntilTimeout           0x08002059   Thumb Code    76  stm32l4xx_hal_i2c.o(i.I2C_WaitOnSTOPFlagUntilTimeout)
    i.I2C_WaitOnTXISFlagUntilTimeout         0x080020a4   Section        0  stm32l4xx_hal_i2c.o(i.I2C_WaitOnTXISFlagUntilTimeout)
    I2C_WaitOnTXISFlagUntilTimeout           0x080020a5   Thumb Code    80  stm32l4xx_hal_i2c.o(i.I2C_WaitOnTXISFlagUntilTimeout)
    i.I2Cx_Error                             0x080020f4   Section        0  stm32l475e_iot01.o(i.I2Cx_Error)
    I2Cx_Error                               0x080020f5   Thumb Code    18  stm32l475e_iot01.o(i.I2Cx_Error)
    i.I2Cx_Init                              0x08002108   Section        0  stm32l475e_iot01.o(i.I2Cx_Init)
    I2Cx_Init                                0x08002109   Thumb Code    52  stm32l475e_iot01.o(i.I2Cx_Init)
    i.I2Cx_MspInit                           0x08002144   Section        0  stm32l475e_iot01.o(i.I2Cx_MspInit)
    I2Cx_MspInit                             0x08002145   Thumb Code   130  stm32l475e_iot01.o(i.I2Cx_MspInit)
    i.I2Cx_ReadMultiple                      0x080021d0   Section        0  stm32l475e_iot01.o(i.I2Cx_ReadMultiple)
    I2Cx_ReadMultiple                        0x080021d1   Thumb Code    42  stm32l475e_iot01.o(i.I2Cx_ReadMultiple)
    i.I2Cx_WriteMultiple                     0x080021fa   Section        0  stm32l475e_iot01.o(i.I2Cx_WriteMultiple)
    I2Cx_WriteMultiple                       0x080021fb   Thumb Code    42  stm32l475e_iot01.o(i.I2Cx_WriteMultiple)
    i.LIS3MDL_MagDeInit                      0x08002224   Section        0  lis3mdl.o(i.LIS3MDL_MagDeInit)
    i.LIS3MDL_MagInit                        0x0800223e   Section        0  lis3mdl.o(i.LIS3MDL_MagInit)
    i.LIS3MDL_MagLowPower                    0x0800227e   Section        0  lis3mdl.o(i.LIS3MDL_MagLowPower)
    i.LIS3MDL_MagReadID                      0x080022a0   Section        0  lis3mdl.o(i.LIS3MDL_MagReadID)
    i.LIS3MDL_MagReadXYZ                     0x080022b4   Section        0  lis3mdl.o(i.LIS3MDL_MagReadXYZ)
    i.LPS22HB_Init                           0x08002368   Section        0  lps22hb.o(i.LPS22HB_Init)
    LPS22HB_Init                             0x08002369   Thumb Code    52  lps22hb.o(i.LPS22HB_Init)
    i.LPS22HB_P_Init                         0x0800239c   Section        0  lps22hb.o(i.LPS22HB_P_Init)
    i.LPS22HB_P_ReadID                       0x080023a0   Section        0  lps22hb.o(i.LPS22HB_P_ReadID)
    i.LPS22HB_P_ReadPressure                 0x080023b4   Section        0  lps22hb.o(i.LPS22HB_P_ReadPressure)
    i.LSM6DSL_AccDeInit                      0x08002414   Section        0  lsm6dsl.o(i.LSM6DSL_AccDeInit)
    i.LSM6DSL_AccInit                        0x0800242e   Section        0  lsm6dsl.o(i.LSM6DSL_AccInit)
    i.LSM6DSL_AccLowPower                    0x08002466   Section        0  lsm6dsl.o(i.LSM6DSL_AccLowPower)
    i.LSM6DSL_AccReadID                      0x08002488   Section        0  lsm6dsl.o(i.LSM6DSL_AccReadID)
    i.LSM6DSL_AccReadXYZ                     0x0800249c   Section        0  lsm6dsl.o(i.LSM6DSL_AccReadXYZ)
    i.LSM6DSL_GyroDeInit                     0x08002550   Section        0  lsm6dsl.o(i.LSM6DSL_GyroDeInit)
    i.LSM6DSL_GyroInit                       0x0800256a   Section        0  lsm6dsl.o(i.LSM6DSL_GyroInit)
    i.LSM6DSL_GyroLowPower                   0x080025a2   Section        0  lsm6dsl.o(i.LSM6DSL_GyroLowPower)
    i.LSM6DSL_GyroReadID                     0x080025c4   Section        0  lsm6dsl.o(i.LSM6DSL_GyroReadID)
    i.LSM6DSL_GyroReadXYZAngRate             0x080025d8   Section        0  lsm6dsl.o(i.LSM6DSL_GyroReadXYZAngRate)
    i.MX_GPIO_Init                           0x08002688   Section        0  main.o(i.MX_GPIO_Init)
    MX_GPIO_Init                             0x08002689   Thumb Code   110  main.o(i.MX_GPIO_Init)
    i.MemManage_Handler                      0x08002704   Section        0  stm32l4xx_it.o(i.MemManage_Handler)
    i.NMI_Handler                            0x08002706   Section        0  stm32l4xx_it.o(i.NMI_Handler)
    i.NVIC_SetPriority                       0x08002708   Section        0  stm32l4xx_hal_cortex.o(i.NVIC_SetPriority)
    NVIC_SetPriority                         0x08002709   Thumb Code    32  stm32l4xx_hal_cortex.o(i.NVIC_SetPriority)
    i.RCC_SetFlashLatencyFromMSIRange        0x08002728   Section        0  stm32l4xx_hal_rcc.o(i.RCC_SetFlashLatencyFromMSIRange)
    RCC_SetFlashLatencyFromMSIRange          0x08002729   Thumb Code   116  stm32l4xx_hal_rcc.o(i.RCC_SetFlashLatencyFromMSIRange)
    i.SENSOR_IO_Init                         0x080027a4   Section        0  stm32l475e_iot01.o(i.SENSOR_IO_Init)
    i.SENSOR_IO_Read                         0x080027b0   Section        0  stm32l475e_iot01.o(i.SENSOR_IO_Read)
    i.SENSOR_IO_ReadMultiple                 0x080027d4   Section        0  stm32l475e_iot01.o(i.SENSOR_IO_ReadMultiple)
    i.SENSOR_IO_Write                        0x080027ec   Section        0  stm32l475e_iot01.o(i.SENSOR_IO_Write)
    i.StartSensor                            0x0800280c   Section        0  main.o(i.StartSensor)
    i.SysTick_Handler                        0x080028bc   Section        0  stm32l4xx_it.o(i.SysTick_Handler)
    i.SystemClock_Config                     0x080028c0   Section        0  main.o(i.SystemClock_Config)
    i.SystemInit                             0x0800293c   Section        0  system_stm32l4xx.o(i.SystemInit)
    i.TIM1_TRG_COM_TIM17_IRQHandler          0x08002980   Section        0  stm32l4xx_it.o(i.TIM1_TRG_COM_TIM17_IRQHandler)
    i.TIM_Base_SetConfig                     0x0800298c   Section        0  stm32l4xx_hal_tim.o(i.TIM_Base_SetConfig)
    i.UART_AdvFeatureConfig                  0x08002a4c   Section        0  stm32l4xx_hal_uart.o(i.UART_AdvFeatureConfig)
    i.UART_CheckIdleState                    0x08002b14   Section        0  stm32l4xx_hal_uart.o(i.UART_CheckIdleState)
    i.UART_SetConfig                         0x08002b70   Section        0  stm32l4xx_hal_uart.o(i.UART_SetConfig)
    i.UART_WaitOnFlagUntilTimeout            0x08002e10   Section        0  stm32l4xx_hal_uart.o(i.UART_WaitOnFlagUntilTimeout)
    i.UART_init                              0x08002e74   Section        0  main.o(i.UART_init)
    i.UsageFault_Handler                     0x08002efc   Section        0  stm32l4xx_it.o(i.UsageFault_Handler)
    i.__0printf                              0x08002f00   Section        0  printfa.o(i.__0printf)
    i.__scatterload_copy                     0x08002f20   Section       14  handlers.o(i.__scatterload_copy)
    i.__scatterload_null                     0x08002f2e   Section        2  handlers.o(i.__scatterload_null)
    i.__scatterload_zeroinit                 0x08002f30   Section       14  handlers.o(i.__scatterload_zeroinit)
    i._fp_digits                             0x08002f40   Section        0  printfa.o(i._fp_digits)
    _fp_digits                               0x08002f41   Thumb Code   366  printfa.o(i._fp_digits)
    i._printf_core                           0x080030cc   Section        0  printfa.o(i._printf_core)
    _printf_core                             0x080030cd   Thumb Code  1744  printfa.o(i._printf_core)
    i._printf_post_padding                   0x080037ae   Section        0  printfa.o(i._printf_post_padding)
    _printf_post_padding                     0x080037af   Thumb Code    36  printfa.o(i._printf_post_padding)
    i._printf_pre_padding                    0x080037d2   Section        0  printfa.o(i._printf_pre_padding)
    _printf_pre_padding                      0x080037d3   Thumb Code    46  printfa.o(i._printf_pre_padding)
    i.buttonPress                            0x08003800   Section        0  main.o(i.buttonPress)
    i.fputc                                  0x08003924   Section        0  main.o(i.fputc)
    i.main                                   0x08003944   Section        0  main.o(i.main)
    i.makeFreeRtosPriority                   0x080039a4   Section        0  cmsis_os.o(i.makeFreeRtosPriority)
    makeFreeRtosPriority                     0x080039a5   Thumb Code    12  cmsis_os.o(i.makeFreeRtosPriority)
    i.osDelay                                0x080039b0   Section        0  cmsis_os.o(i.osDelay)
    i.osKernelStart                          0x080039be   Section        0  cmsis_os.o(i.osKernelStart)
    i.osSystickHandler                       0x080039c8   Section        0  cmsis_os.o(i.osSystickHandler)
    i.osThreadCreate                         0x080039dc   Section        0  cmsis_os.o(i.osThreadCreate)
    i.osThreadTerminate                      0x08003a0a   Section        0  cmsis_os.o(i.osThreadTerminate)
    i.printUsart                             0x08003a14   Section        0  main.o(i.printUsart)
    i.prvAddCurrentTaskToDelayedList         0x08003b94   Section        0  tasks.o(i.prvAddCurrentTaskToDelayedList)
    prvAddCurrentTaskToDelayedList           0x08003b95   Thumb Code   102  tasks.o(i.prvAddCurrentTaskToDelayedList)
    i.prvAddNewTaskToReadyList               0x08003c04   Section        0  tasks.o(i.prvAddNewTaskToReadyList)
    prvAddNewTaskToReadyList                 0x08003c05   Thumb Code   194  tasks.o(i.prvAddNewTaskToReadyList)
    i.prvCheckTasksWaitingTermination        0x08003cd4   Section        0  tasks.o(i.prvCheckTasksWaitingTermination)
    prvCheckTasksWaitingTermination          0x08003cd5   Thumb Code    70  tasks.o(i.prvCheckTasksWaitingTermination)
    i.prvDeleteTCB                           0x08003d24   Section        0  tasks.o(i.prvDeleteTCB)
    prvDeleteTCB                             0x08003d25   Thumb Code    20  tasks.o(i.prvDeleteTCB)
    i.prvHeapInit                            0x08003d38   Section        0  heap_4.o(i.prvHeapInit)
    prvHeapInit                              0x08003d39   Thumb Code    64  heap_4.o(i.prvHeapInit)
    i.prvIdleTask                            0x08003d80   Section        0  tasks.o(i.prvIdleTask)
    prvIdleTask                              0x08003d81   Thumb Code    30  tasks.o(i.prvIdleTask)
    i.prvInitialiseNewTask                   0x08003da8   Section        0  tasks.o(i.prvInitialiseNewTask)
    prvInitialiseNewTask                     0x08003da9   Thumb Code   142  tasks.o(i.prvInitialiseNewTask)
    i.prvInsertBlockIntoFreeList             0x08003e38   Section        0  heap_4.o(i.prvInsertBlockIntoFreeList)
    prvInsertBlockIntoFreeList               0x08003e39   Thumb Code    72  heap_4.o(i.prvInsertBlockIntoFreeList)
    i.prvResetNextTaskUnblockTime            0x08003e84   Section        0  tasks.o(i.prvResetNextTaskUnblockTime)
    prvResetNextTaskUnblockTime              0x08003e85   Thumb Code    26  tasks.o(i.prvResetNextTaskUnblockTime)
    i.prvTaskExitError                       0x08003ea4   Section        0  port.o(i.prvTaskExitError)
    prvTaskExitError                         0x08003ea5   Thumb Code    36  port.o(i.prvTaskExitError)
    i.pvPortMalloc                           0x08003ecc   Section        0  heap_4.o(i.pvPortMalloc)
    i.pxPortInitialiseStack                  0x08003fa4   Section        0  port.o(i.pxPortInitialiseStack)
    i.uxListRemove                           0x08003fd0   Section        0  list.o(i.uxListRemove)
    i.vListInitialise                        0x08003ff4   Section        0  list.o(i.vListInitialise)
    i.vListInitialiseItem                    0x0800400a   Section        0  list.o(i.vListInitialiseItem)
    i.vListInsert                            0x08004010   Section        0  list.o(i.vListInsert)
    i.vListInsertEnd                         0x08004040   Section        0  list.o(i.vListInsertEnd)
    i.vPortEnterCritical                     0x08004058   Section        0  port.o(i.vPortEnterCritical)
    i.vPortExitCritical                      0x08004098   Section        0  port.o(i.vPortExitCritical)
    i.vPortFree                              0x080040c0   Section        0  heap_4.o(i.vPortFree)
    i.vPortSetupTimerInterrupt               0x0800411c   Section        0  port.o(i.vPortSetupTimerInterrupt)
    i.vTaskDelay                             0x0800413c   Section        0  tasks.o(i.vTaskDelay)
    i.vTaskDelete                            0x08004188   Section        0  tasks.o(i.vTaskDelete)
    i.vTaskStartScheduler                    0x08004234   Section        0  tasks.o(i.vTaskStartScheduler)
    i.vTaskSuspendAll                        0x0800429c   Section        0  tasks.o(i.vTaskSuspendAll)
    i.vTaskSwitchContext                     0x080042ac   Section        0  tasks.o(i.vTaskSwitchContext)
    i.xPortStartScheduler                    0x08004308   Section        0  port.o(i.xPortStartScheduler)
    i.xPortSysTickHandler                    0x080043e8   Section        0  port.o(i.xPortSysTickHandler)
    i.xTaskCreate                            0x08004414   Section        0  tasks.o(i.xTaskCreate)
    i.xTaskGetSchedulerState                 0x08004470   Section        0  tasks.o(i.xTaskGetSchedulerState)
    i.xTaskIncrementTick                     0x0800448c   Section        0  tasks.o(i.xTaskIncrementTick)
    i.xTaskResumeAll                         0x08004554   Section        0  tasks.o(i.xTaskResumeAll)
    .constdata                               0x08004618   Section      100  main.o(.constdata)
    .constdata                               0x0800467c   Section       64  system_stm32l4xx.o(.constdata)
    .constdata                               0x080046bc   Section        8  system_stm32l4xx.o(.constdata)
    .conststring                             0x080046c4   Section       22  main.o(.conststring)
    .data                                    0x20000000   Section        4  stm32l475e_iot01_accelero.o(.data)
    AccelerometerDrv                         0x20000000   Data           4  stm32l475e_iot01_accelero.o(.data)
    .data                                    0x20000004   Section        4  stm32l475e_iot01_gyro.o(.data)
    GyroscopeDrv                             0x20000004   Data           4  stm32l475e_iot01_gyro.o(.data)
    .data                                    0x20000008   Section        4  stm32l475e_iot01_hsensor.o(.data)
    Hsensor_drv                              0x20000008   Data           4  stm32l475e_iot01_hsensor.o(.data)
    .data                                    0x2000000c   Section        4  stm32l475e_iot01_magneto.o(.data)
    MagnetoDrv                               0x2000000c   Data           4  stm32l475e_iot01_magneto.o(.data)
    .data                                    0x20000010   Section        4  stm32l475e_iot01_psensor.o(.data)
    Psensor_drv                              0x20000010   Data           4  stm32l475e_iot01_psensor.o(.data)
    .data                                    0x20000014   Section        4  stm32l475e_iot01_tsensor.o(.data)
    tsensor_drv                              0x20000014   Data           4  stm32l475e_iot01_tsensor.o(.data)
    .data                                    0x20000018   Section       12  hts221.o(.data)
    .data                                    0x20000024   Section       16  hts221.o(.data)
    .data                                    0x20000034   Section       52  lis3mdl.o(.data)
    .data                                    0x20000068   Section       12  lps22hb.o(.data)
    .data                                    0x20000074   Section       52  lsm6dsl.o(.data)
    .data                                    0x200000a8   Section       52  lsm6dsl.o(.data)
    .data                                    0x200000dc   Section       48  main.o(.data)
    .data                                    0x2000010c   Section        4  stm32l4xx_hal.o(.data)
    .data                                    0x20000110   Section        4  system_stm32l4xx.o(.data)
    .data                                    0x20000114   Section       24  heap_4.o(.data)
    pxEnd                                    0x20000114   Data           4  heap_4.o(.data)
    xFreeBytesRemaining                      0x20000118   Data           4  heap_4.o(.data)
    xMinimumEverFreeBytesRemaining           0x2000011c   Data           4  heap_4.o(.data)
    xBlockAllocatedBit                       0x20000120   Data           4  heap_4.o(.data)
    xStart                                   0x20000124   Data           8  heap_4.o(.data)
    .data                                    0x2000012c   Section       12  port.o(.data)
    ucMaxSysCallPriority                     0x2000012c   Data           1  port.o(.data)
    uxCriticalNesting                        0x20000130   Data           4  port.o(.data)
    ulMaxPRIGROUPValue                       0x20000134   Data           4  port.o(.data)
    .data                                    0x20000138   Section       60  tasks.o(.data)
    uxDeletedTasksWaitingCleanUp             0x2000013c   Data           4  tasks.o(.data)
    uxCurrentNumberOfTasks                   0x20000140   Data           4  tasks.o(.data)
    xTickCount                               0x20000144   Data           4  tasks.o(.data)
    uxTopReadyPriority                       0x20000148   Data           4  tasks.o(.data)
    xSchedulerRunning                        0x2000014c   Data           4  tasks.o(.data)
    uxPendedTicks                            0x20000150   Data           4  tasks.o(.data)
    xYieldPending                            0x20000154   Data           4  tasks.o(.data)
    xNumOfOverflows                          0x20000158   Data           4  tasks.o(.data)
    uxTaskNumber                             0x2000015c   Data           4  tasks.o(.data)
    xNextTaskUnblockTime                     0x20000160   Data           4  tasks.o(.data)
    xIdleTaskHandle                          0x20000164   Data           4  tasks.o(.data)
    uxSchedulerSuspended                     0x20000168   Data           4  tasks.o(.data)
    pxDelayedTaskList                        0x2000016c   Data           4  tasks.o(.data)
    pxOverflowDelayedTaskList                0x20000170   Data           4  tasks.o(.data)
    .data                                    0x20000174   Section        4  stdout.o(.data)
    .bss                                     0x20000178   Section       76  stm32l475e_iot01.o(.bss)
    .bss                                     0x200001c4   Section      132  main.o(.bss)
    .bss                                     0x20000248   Section       64  stm32l4xx_hal_timebase_tim.o(.bss)
    .bss                                     0x20000288   Section     3000  heap_4.o(.bss)
    ucHeap                                   0x20000288   Data        3000  heap_4.o(.bss)
    .bss                                     0x20000e40   Section      240  tasks.o(.bss)
    pxReadyTasksLists                        0x20000e40   Data         140  tasks.o(.bss)
    xDelayedTaskList1                        0x20000ecc   Data          20  tasks.o(.bss)
    xDelayedTaskList2                        0x20000ee0   Data          20  tasks.o(.bss)
    xPendingReadyList                        0x20000ef4   Data          20  tasks.o(.bss)
    xTasksWaitingTermination                 0x20000f08   Data          20  tasks.o(.bss)
    xSuspendedTaskList                       0x20000f1c   Data          20  tasks.o(.bss)
    STACK                                    0x20000f30   Section     1024  startup_stm32l475xx.o(STACK)

    Global Symbols

    Symbol Name                              Value     Ov Type        Size  Object(Section)

    BuildAttributes$$THM_ISAv4$E$P$D$K$B$S$7EM$VFPi3$EXTD16$VFPS$VFMA$PE$A:L22UL41UL21$X:L11$S22US41US21$IEEE1$IW$USESV6$~STKCKD$USESV7$~SHL$OSPACE$ROPI$EBA8$MICROLIB$REQ8$PRES8$EABIv2 0x00000000   Number         0  anon$$obj.o ABSOLUTE
    __ARM_use_no_argv                        0x00000000   Number         0  main.o ABSOLUTE
    _printf_a                                0x00000000   Number         0  stubs.o ABSOLUTE
    _printf_c                                0x00000000   Number         0  stubs.o ABSOLUTE
    _printf_charcount                        0x00000000   Number         0  stubs.o ABSOLUTE
    _printf_d                                0x00000000   Number         0  stubs.o ABSOLUTE
    _printf_e                                0x00000000   Number         0  stubs.o ABSOLUTE
    _printf_f                                0x00000000   Number         0  stubs.o ABSOLUTE
    _printf_flags                            0x00000000   Number         0  stubs.o ABSOLUTE
    _printf_fp_dec                           0x00000000   Number         0  stubs.o ABSOLUTE
    _printf_fp_hex                           0x00000000   Number         0  stubs.o ABSOLUTE
    _printf_g                                0x00000000   Number         0  stubs.o ABSOLUTE
    _printf_i                                0x00000000   Number         0  stubs.o ABSOLUTE
    _printf_int_dec                          0x00000000   Number         0  stubs.o ABSOLUTE
    _printf_l                                0x00000000   Number         0  stubs.o ABSOLUTE
    _printf_lc                               0x00000000   Number         0  stubs.o ABSOLUTE
    _printf_ll                               0x00000000   Number         0  stubs.o ABSOLUTE
    _printf_lld                              0x00000000   Number         0  stubs.o ABSOLUTE
    _printf_lli                              0x00000000   Number         0  stubs.o ABSOLUTE
    _printf_llo                              0x00000000   Number         0  stubs.o ABSOLUTE
    _printf_llu                              0x00000000   Number         0  stubs.o ABSOLUTE
    _printf_llx                              0x00000000   Number         0  stubs.o ABSOLUTE
    _printf_longlong_dec                     0x00000000   Number         0  stubs.o ABSOLUTE
    _printf_longlong_hex                     0x00000000   Number         0  stubs.o ABSOLUTE
    _printf_longlong_oct                     0x00000000   Number         0  stubs.o ABSOLUTE
    _printf_ls                               0x00000000   Number         0  stubs.o ABSOLUTE
    _printf_mbtowc                           0x00000000   Number         0  stubs.o ABSOLUTE
    _printf_n                                0x00000000   Number         0  stubs.o ABSOLUTE
    _printf_o                                0x00000000   Number         0  stubs.o ABSOLUTE
    _printf_p                                0x00000000   Number         0  stubs.o ABSOLUTE
    _printf_percent                          0x00000000   Number         0  stubs.o ABSOLUTE
    _printf_pre_padding                      0x00000000   Number         0  stubs.o ABSOLUTE
    _printf_return_value                     0x00000000   Number         0  stubs.o ABSOLUTE
    _printf_s                                0x00000000   Number         0  stubs.o ABSOLUTE
    _printf_sizespec                         0x00000000   Number         0  stubs.o ABSOLUTE
    _printf_str                              0x00000000   Number         0  stubs.o ABSOLUTE
    _printf_truncate_signed                  0x00000000   Number         0  stubs.o ABSOLUTE
    _printf_truncate_unsigned                0x00000000   Number         0  stubs.o ABSOLUTE
    _printf_u                                0x00000000   Number         0  stubs.o ABSOLUTE
    _printf_wc                               0x00000000   Number         0  stubs.o ABSOLUTE
    _printf_wctomb                           0x00000000   Number         0  stubs.o ABSOLUTE
    _printf_widthprec                        0x00000000   Number         0  stubs.o ABSOLUTE
    _printf_x                                0x00000000   Number         0  stubs.o ABSOLUTE
    __cpp_initialize__aeabi_                  - Undefined Weak Reference
    __cxa_finalize                            - Undefined Weak Reference
    _clock_init                               - Undefined Weak Reference
    _microlib_exit                            - Undefined Weak Reference
    __Vectors_Size                           0x00000188   Number         0  startup_stm32l475xx.o ABSOLUTE
    __Vectors                                0x08000000   Data           4  startup_stm32l475xx.o(RESET)
    __Vectors_End                            0x08000188   Data           0  startup_stm32l475xx.o(RESET)
    __main                                   0x08000189   Thumb Code     0  entry.o(.ARM.Collect$$$$00000000)
    _main_stk                                0x08000189   Thumb Code     0  entry2.o(.ARM.Collect$$$$00000001)
    _main_scatterload                        0x0800018d   Thumb Code     0  entry5.o(.ARM.Collect$$$$00000004)
    __main_after_scatterload                 0x08000191   Thumb Code     0  entry5.o(.ARM.Collect$$$$00000004)
    _main_clock                              0x08000191   Thumb Code     0  entry7b.o(.ARM.Collect$$$$00000008)
    _main_cpp_init                           0x08000191   Thumb Code     0  entry8b.o(.ARM.Collect$$$$0000000A)
    _main_init                               0x08000191   Thumb Code     0  entry9a.o(.ARM.Collect$$$$0000000B)
    __rt_final_cpp                           0x08000199   Thumb Code     0  entry10a.o(.ARM.Collect$$$$0000000D)
    __rt_final_exit                          0x08000199   Thumb Code     0  entry11a.o(.ARM.Collect$$$$0000000F)
    SVC_Handler                              0x0800019d   Thumb Code    28  port.o(.emb_text)
    __asm___6_port_c_39a90d8d__prvStartFirstTask 0x080001bd   Thumb Code    28  port.o(.emb_text)
    __asm___6_port_c_39a90d8d__prvEnableVFP  0x080001dd   Thumb Code    16  port.o(.emb_text)
    PendSV_Handler                           0x080001f1   Thumb Code    92  port.o(.emb_text)
    vPortGetIPSR                             0x08000251   Thumb Code     6  port.o(.emb_text)
    Reset_Handler                            0x08000279   Thumb Code     8  startup_stm32l475xx.o(.text)
    ADC1_2_IRQHandler                        0x08000293   Thumb Code     0  startup_stm32l475xx.o(.text)
    ADC3_IRQHandler                          0x08000293   Thumb Code     0  startup_stm32l475xx.o(.text)
    CAN1_RX0_IRQHandler                      0x08000293   Thumb Code     0  startup_stm32l475xx.o(.text)
    CAN1_RX1_IRQHandler                      0x08000293   Thumb Code     0  startup_stm32l475xx.o(.text)
    CAN1_SCE_IRQHandler                      0x08000293   Thumb Code     0  startup_stm32l475xx.o(.text)
    CAN1_TX_IRQHandler                       0x08000293   Thumb Code     0  startup_stm32l475xx.o(.text)
    COMP_IRQHandler                          0x08000293   Thumb Code     0  startup_stm32l475xx.o(.text)
    DFSDM1_FLT0_IRQHandler                   0x08000293   Thumb Code     0  startup_stm32l475xx.o(.text)
    DFSDM1_FLT1_IRQHandler                   0x08000293   Thumb Code     0  startup_stm32l475xx.o(.text)
    DFSDM1_FLT2_IRQHandler                   0x08000293   Thumb Code     0  startup_stm32l475xx.o(.text)
    DFSDM1_FLT3_IRQHandler                   0x08000293   Thumb Code     0  startup_stm32l475xx.o(.text)
    DMA1_Channel1_IRQHandler                 0x08000293   Thumb Code     0  startup_stm32l475xx.o(.text)
    DMA1_Channel2_IRQHandler                 0x08000293   Thumb Code     0  startup_stm32l475xx.o(.text)
    DMA1_Channel3_IRQHandler                 0x08000293   Thumb Code     0  startup_stm32l475xx.o(.text)
    DMA1_Channel4_IRQHandler                 0x08000293   Thumb Code     0  startup_stm32l475xx.o(.text)
    DMA1_Channel5_IRQHandler                 0x08000293   Thumb Code     0  startup_stm32l475xx.o(.text)
    DMA1_Channel6_IRQHandler                 0x08000293   Thumb Code     0  startup_stm32l475xx.o(.text)
    DMA1_Channel7_IRQHandler                 0x08000293   Thumb Code     0  startup_stm32l475xx.o(.text)
    DMA2_Channel1_IRQHandler                 0x08000293   Thumb Code     0  startup_stm32l475xx.o(.text)
    DMA2_Channel2_IRQHandler                 0x08000293   Thumb Code     0  startup_stm32l475xx.o(.text)
    DMA2_Channel3_IRQHandler                 0x08000293   Thumb Code     0  startup_stm32l475xx.o(.text)
    DMA2_Channel4_IRQHandler                 0x08000293   Thumb Code     0  startup_stm32l475xx.o(.text)
    DMA2_Channel5_IRQHandler                 0x08000293   Thumb Code     0  startup_stm32l475xx.o(.text)
    DMA2_Channel6_IRQHandler                 0x08000293   Thumb Code     0  startup_stm32l475xx.o(.text)
    DMA2_Channel7_IRQHandler                 0x08000293   Thumb Code     0  startup_stm32l475xx.o(.text)
    EXTI0_IRQHandler                         0x08000293   Thumb Code     0  startup_stm32l475xx.o(.text)
    EXTI15_10_IRQHandler                     0x08000293   Thumb Code     0  startup_stm32l475xx.o(.text)
    EXTI1_IRQHandler                         0x08000293   Thumb Code     0  startup_stm32l475xx.o(.text)
    EXTI2_IRQHandler                         0x08000293   Thumb Code     0  startup_stm32l475xx.o(.text)
    EXTI3_IRQHandler                         0x08000293   Thumb Code     0  startup_stm32l475xx.o(.text)
    EXTI4_IRQHandler                         0x08000293   Thumb Code     0  startup_stm32l475xx.o(.text)
    EXTI9_5_IRQHandler                       0x08000293   Thumb Code     0  startup_stm32l475xx.o(.text)
    FLASH_IRQHandler                         0x08000293   Thumb Code     0  startup_stm32l475xx.o(.text)
    FMC_IRQHandler                           0x08000293   Thumb Code     0  startup_stm32l475xx.o(.text)
    FPU_IRQHandler                           0x08000293   Thumb Code     0  startup_stm32l475xx.o(.text)
    I2C1_ER_IRQHandler                       0x08000293   Thumb Code     0  startup_stm32l475xx.o(.text)
    I2C1_EV_IRQHandler                       0x08000293   Thumb Code     0  startup_stm32l475xx.o(.text)
    I2C2_ER_IRQHandler                       0x08000293   Thumb Code     0  startup_stm32l475xx.o(.text)
    I2C2_EV_IRQHandler                       0x08000293   Thumb Code     0  startup_stm32l475xx.o(.text)
    I2C3_ER_IRQHandler                       0x08000293   Thumb Code     0  startup_stm32l475xx.o(.text)
    I2C3_EV_IRQHandler                       0x08000293   Thumb Code     0  startup_stm32l475xx.o(.text)
    LPTIM1_IRQHandler                        0x08000293   Thumb Code     0  startup_stm32l475xx.o(.text)
    LPTIM2_IRQHandler                        0x08000293   Thumb Code     0  startup_stm32l475xx.o(.text)
    LPUART1_IRQHandler                       0x08000293   Thumb Code     0  startup_stm32l475xx.o(.text)
    OTG_FS_IRQHandler                        0x08000293   Thumb Code     0  startup_stm32l475xx.o(.text)
    PVD_PVM_IRQHandler                       0x08000293   Thumb Code     0  startup_stm32l475xx.o(.text)
    QUADSPI_IRQHandler                       0x08000293   Thumb Code     0  startup_stm32l475xx.o(.text)
    RCC_IRQHandler                           0x08000293   Thumb Code     0  startup_stm32l475xx.o(.text)
    RNG_IRQHandler                           0x08000293   Thumb Code     0  startup_stm32l475xx.o(.text)
    RTC_Alarm_IRQHandler                     0x08000293   Thumb Code     0  startup_stm32l475xx.o(.text)
    RTC_WKUP_IRQHandler                      0x08000293   Thumb Code     0  startup_stm32l475xx.o(.text)
    SAI1_IRQHandler                          0x08000293   Thumb Code     0  startup_stm32l475xx.o(.text)
    SAI2_IRQHandler                          0x08000293   Thumb Code     0  startup_stm32l475xx.o(.text)
    SDMMC1_IRQHandler                        0x08000293   Thumb Code     0  startup_stm32l475xx.o(.text)
    SPI1_IRQHandler                          0x08000293   Thumb Code     0  startup_stm32l475xx.o(.text)
    SPI2_IRQHandler                          0x08000293   Thumb Code     0  startup_stm32l475xx.o(.text)
    SPI3_IRQHandler                          0x08000293   Thumb Code     0  startup_stm32l475xx.o(.text)
    SWPMI1_IRQHandler                        0x08000293   Thumb Code     0  startup_stm32l475xx.o(.text)
    TAMP_STAMP_IRQHandler                    0x08000293   Thumb Code     0  startup_stm32l475xx.o(.text)
    TIM1_BRK_TIM15_IRQHandler                0x08000293   Thumb Code     0  startup_stm32l475xx.o(.text)
    TIM1_CC_IRQHandler                       0x08000293   Thumb Code     0  startup_stm32l475xx.o(.text)
    TIM1_UP_TIM16_IRQHandler                 0x08000293   Thumb Code     0  startup_stm32l475xx.o(.text)
    TIM2_IRQHandler                          0x08000293   Thumb Code     0  startup_stm32l475xx.o(.text)
    TIM3_IRQHandler                          0x08000293   Thumb Code     0  startup_stm32l475xx.o(.text)
    TIM4_IRQHandler                          0x08000293   Thumb Code     0  startup_stm32l475xx.o(.text)
    TIM5_IRQHandler                          0x08000293   Thumb Code     0  startup_stm32l475xx.o(.text)
    TIM6_DAC_IRQHandler                      0x08000293   Thumb Code     0  startup_stm32l475xx.o(.text)
    TIM7_IRQHandler                          0x08000293   Thumb Code     0  startup_stm32l475xx.o(.text)
    TIM8_BRK_IRQHandler                      0x08000293   Thumb Code     0  startup_stm32l475xx.o(.text)
    TIM8_CC_IRQHandler                       0x08000293   Thumb Code     0  startup_stm32l475xx.o(.text)
    TIM8_TRG_COM_IRQHandler                  0x08000293   Thumb Code     0  startup_stm32l475xx.o(.text)
    TIM8_UP_IRQHandler                       0x08000293   Thumb Code     0  startup_stm32l475xx.o(.text)
    TSC_IRQHandler                           0x08000293   Thumb Code     0  startup_stm32l475xx.o(.text)
    UART4_IRQHandler                         0x08000293   Thumb Code     0  startup_stm32l475xx.o(.text)
    UART5_IRQHandler                         0x08000293   Thumb Code     0  startup_stm32l475xx.o(.text)
    USART1_IRQHandler                        0x08000293   Thumb Code     0  startup_stm32l475xx.o(.text)
    USART2_IRQHandler                        0x08000293   Thumb Code     0  startup_stm32l475xx.o(.text)
    USART3_IRQHandler                        0x08000293   Thumb Code     0  startup_stm32l475xx.o(.text)
    WWDG_IRQHandler                          0x08000293   Thumb Code     0  startup_stm32l475xx.o(.text)
    __aeabi_uldivmod                         0x0800029d   Thumb Code    98  uldiv.o(.text)
    __aeabi_memcpy                           0x08000305   Thumb Code    36  memcpya.o(.text)
    __aeabi_memcpy4                          0x08000305   Thumb Code     0  memcpya.o(.text)
    __aeabi_memcpy8                          0x08000305   Thumb Code     0  memcpya.o(.text)
    __aeabi_f2d                              0x08000329   Thumb Code    38  f2d.o(.text)
    __aeabi_uidiv                            0x0800034f   Thumb Code     0  uidiv.o(.text)
    __aeabi_uidivmod                         0x0800034f   Thumb Code    44  uidiv.o(.text)
    __aeabi_llsl                             0x0800037b   Thumb Code    30  llshl.o(.text)
    _ll_shift_l                              0x0800037b   Thumb Code     0  llshl.o(.text)
    __aeabi_llsr                             0x08000399   Thumb Code    32  llushr.o(.text)
    _ll_ushift_r                             0x08000399   Thumb Code     0  llushr.o(.text)
    __I$use$fp                               0x080003b9   Thumb Code     0  iusefp.o(.text)
    __aeabi_dadd                             0x080003b9   Thumb Code   322  dadd.o(.text)
    __aeabi_dsub                             0x080004fb   Thumb Code     6  dadd.o(.text)
    __aeabi_drsub                            0x08000501   Thumb Code     6  dadd.o(.text)
    __aeabi_dmul                             0x08000517   Thumb Code   228  dmul.o(.text)
    __aeabi_ddiv                             0x08000601   Thumb Code   222  ddiv.o(.text)
    __aeabi_d2ulz                            0x080006df   Thumb Code    48  dfixul.o(.text)
    __aeabi_cdrcmple                         0x08000711   Thumb Code    48  cdrcmple.o(.text)
    __scatterload                            0x08000741   Thumb Code    28  init.o(.text)
    __scatterload_rt2                        0x08000741   Thumb Code     0  init.o(.text)
    __aeabi_lasr                             0x08000765   Thumb Code    36  llsshr.o(.text)
    _ll_sshift_r                             0x08000765   Thumb Code     0  llsshr.o(.text)
    _double_round                            0x08000789   Thumb Code    30  depilogue.o(.text)
    _double_epilogue                         0x080007a7   Thumb Code   156  depilogue.o(.text)
    __decompress                             0x08000843   Thumb Code     0  __dczerorl2.o(.text)
    __decompress1                            0x08000843   Thumb Code    86  __dczerorl2.o(.text)
    BSP_ACCELERO_AccGetXYZ                   0x08000899   Thumb Code    18  stm32l475e_iot01_accelero.o(i.BSP_ACCELERO_AccGetXYZ)
    BSP_ACCELERO_DeInit                      0x080008b1   Thumb Code    18  stm32l475e_iot01_accelero.o(i.BSP_ACCELERO_DeInit)
    BSP_ACCELERO_Init                        0x080008c9   Thumb Code    34  stm32l475e_iot01_accelero.o(i.BSP_ACCELERO_Init)
    BSP_GYRO_DeInit                          0x080008f5   Thumb Code    18  stm32l475e_iot01_gyro.o(i.BSP_GYRO_DeInit)
    BSP_GYRO_GetXYZ                          0x0800090d   Thumb Code    18  stm32l475e_iot01_gyro.o(i.BSP_GYRO_GetXYZ)
    BSP_GYRO_Init                            0x08000925   Thumb Code    32  stm32l475e_iot01_gyro.o(i.BSP_GYRO_Init)
    BSP_HSENSOR_Init                         0x0800094d   Thumb Code    32  stm32l475e_iot01_hsensor.o(i.BSP_HSENSOR_Init)
    BSP_HSENSOR_ReadHumidity                 0x08000975   Thumb Code    10  stm32l475e_iot01_hsensor.o(i.BSP_HSENSOR_ReadHumidity)
    BSP_MAGNETO_DeInit                       0x08000985   Thumb Code    18  stm32l475e_iot01_magneto.o(i.BSP_MAGNETO_DeInit)
    BSP_MAGNETO_GetXYZ                       0x0800099d   Thumb Code    18  stm32l475e_iot01_magneto.o(i.BSP_MAGNETO_GetXYZ)
    BSP_MAGNETO_Init                         0x080009b5   Thumb Code    62  stm32l475e_iot01_magneto.o(i.BSP_MAGNETO_Init)
    BSP_PSENSOR_Init                         0x080009fd   Thumb Code    32  stm32l475e_iot01_psensor.o(i.BSP_PSENSOR_Init)
    BSP_PSENSOR_ReadPressure                 0x08000a25   Thumb Code    10  stm32l475e_iot01_psensor.o(i.BSP_PSENSOR_ReadPressure)
    BSP_TSENSOR_Init                         0x08000a35   Thumb Code    26  stm32l475e_iot01_tsensor.o(i.BSP_TSENSOR_Init)
    BSP_TSENSOR_ReadTemp                     0x08000a59   Thumb Code    10  stm32l475e_iot01_tsensor.o(i.BSP_TSENSOR_ReadTemp)
    BusFault_Handler                         0x08000a69   Thumb Code     2  stm32l4xx_it.o(i.BusFault_Handler)
    DebugMon_Handler                         0x08000a6b   Thumb Code     2  stm32l4xx_it.o(i.DebugMon_Handler)
    HAL_GPIO_Init                            0x08000a6d   Thumb Code   414  stm32l4xx_hal_gpio.o(i.HAL_GPIO_Init)
    HAL_GPIO_ReadPin                         0x08000c37   Thumb Code    10  stm32l4xx_hal_gpio.o(i.HAL_GPIO_ReadPin)
    HAL_GPIO_WritePin                        0x08000c41   Thumb Code    10  stm32l4xx_hal_gpio.o(i.HAL_GPIO_WritePin)
    HAL_GetTick                              0x08000c4d   Thumb Code     6  stm32l4xx_hal.o(i.HAL_GetTick)
    HAL_I2CEx_ConfigAnalogFilter             0x08000c59   Thumb Code    86  stm32l4xx_hal_i2c_ex.o(i.HAL_I2CEx_ConfigAnalogFilter)
    HAL_I2C_DeInit                           0x08000caf   Thumb Code    56  stm32l4xx_hal_i2c.o(i.HAL_I2C_DeInit)
    HAL_I2C_Init                             0x08000ce9   Thumb Code   184  stm32l4xx_hal_i2c.o(i.HAL_I2C_Init)
    HAL_I2C_Mem_Read                         0x08000da5   Thumb Code   344  stm32l4xx_hal_i2c.o(i.HAL_I2C_Mem_Read)
    HAL_I2C_Mem_Write                        0x08000f0d   Thumb Code   338  stm32l4xx_hal_i2c.o(i.HAL_I2C_Mem_Write)
    HAL_I2C_MspDeInit                        0x0800106b   Thumb Code     2  stm32l4xx_hal_i2c.o(i.HAL_I2C_MspDeInit)
    HAL_I2C_MspInit                          0x0800106d   Thumb Code     2  stm32l4xx_hal_i2c.o(i.HAL_I2C_MspInit)
    HAL_IncTick                              0x08001071   Thumb Code    10  stm32l4xx_hal.o(i.HAL_IncTick)
    HAL_Init                                 0x08001081   Thumb Code    22  stm32l4xx_hal.o(i.HAL_Init)
    HAL_InitTick                             0x08001099   Thumb Code    98  stm32l4xx_hal_timebase_tim.o(i.HAL_InitTick)
    HAL_MspInit                              0x0800110d   Thumb Code   122  stm32l4xx_hal_msp.o(i.HAL_MspInit)
    HAL_NVIC_EnableIRQ                       0x0800118d   Thumb Code    22  stm32l4xx_hal_cortex.o(i.HAL_NVIC_EnableIRQ)
    HAL_NVIC_SetPriority                     0x080011a5   Thumb Code    60  stm32l4xx_hal_cortex.o(i.HAL_NVIC_SetPriority)
    HAL_NVIC_SetPriorityGrouping             0x080011e5   Thumb Code    26  stm32l4xx_hal_cortex.o(i.HAL_NVIC_SetPriorityGrouping)
    HAL_PWREx_ControlVoltageScaling          0x08001209   Thumb Code    86  stm32l4xx_hal_pwr_ex.o(i.HAL_PWREx_ControlVoltageScaling)
    HAL_PWREx_GetVoltageRange                0x0800126d   Thumb Code    10  stm32l4xx_hal_pwr_ex.o(i.HAL_PWREx_GetVoltageRange)
    HAL_RCC_ClockConfig                      0x0800127d   Thumb Code   260  stm32l4xx_hal_rcc.o(i.HAL_RCC_ClockConfig)
    HAL_RCC_GetClockConfig                   0x08001391   Thumb Code    54  stm32l4xx_hal_rcc.o(i.HAL_RCC_GetClockConfig)
    HAL_RCC_GetHCLKFreq                      0x080013d1   Thumb Code     6  stm32l4xx_hal_rcc.o(i.HAL_RCC_GetHCLKFreq)
    HAL_RCC_GetPCLK1Freq                     0x080013dd   Thumb Code    20  stm32l4xx_hal_rcc.o(i.HAL_RCC_GetPCLK1Freq)
    HAL_RCC_GetPCLK2Freq                     0x080013fd   Thumb Code    20  stm32l4xx_hal_rcc.o(i.HAL_RCC_GetPCLK2Freq)
    HAL_RCC_GetSysClockFreq                  0x0800141d   Thumb Code   182  stm32l4xx_hal_rcc.o(i.HAL_RCC_GetSysClockFreq)
    HAL_RCC_OscConfig                        0x080014e1   Thumb Code  1132  stm32l4xx_hal_rcc.o(i.HAL_RCC_OscConfig)
    HAL_SYSTICK_CLKSourceConfig              0x0800194d   Thumb Code    24  stm32l4xx_hal_cortex.o(i.HAL_SYSTICK_CLKSourceConfig)
    HAL_SYSTICK_Config                       0x08001965   Thumb Code    40  stm32l4xx_hal_cortex.o(i.HAL_SYSTICK_Config)
    HAL_TIMEx_Break2Callback                 0x0800198d   Thumb Code     2  stm32l4xx_hal_tim_ex.o(i.HAL_TIMEx_Break2Callback)
    HAL_TIMEx_BreakCallback                  0x0800198f   Thumb Code     2  stm32l4xx_hal_tim_ex.o(i.HAL_TIMEx_BreakCallback)
    HAL_TIMEx_CommutationCallback            0x08001991   Thumb Code     2  stm32l4xx_hal_tim_ex.o(i.HAL_TIMEx_CommutationCallback)
    HAL_TIM_Base_Init                        0x08001993   Thumb Code    54  stm32l4xx_hal_tim.o(i.HAL_TIM_Base_Init)
    HAL_TIM_Base_MspInit                     0x080019c9   Thumb Code     2  stm32l4xx_hal_tim.o(i.HAL_TIM_Base_MspInit)
    HAL_TIM_Base_Start_IT                    0x080019cd   Thumb Code    44  stm32l4xx_hal_tim.o(i.HAL_TIM_Base_Start_IT)
    HAL_TIM_IC_CaptureCallback               0x080019fd   Thumb Code     2  stm32l4xx_hal_tim.o(i.HAL_TIM_IC_CaptureCallback)
    HAL_TIM_IRQHandler                       0x080019ff   Thumb Code   388  stm32l4xx_hal_tim.o(i.HAL_TIM_IRQHandler)
    HAL_TIM_OC_DelayElapsedCallback          0x08001b83   Thumb Code     2  stm32l4xx_hal_tim.o(i.HAL_TIM_OC_DelayElapsedCallback)
    HAL_TIM_PWM_PulseFinishedCallback        0x08001b85   Thumb Code     2  stm32l4xx_hal_tim.o(i.HAL_TIM_PWM_PulseFinishedCallback)
    HAL_TIM_PeriodElapsedCallback            0x08001b89   Thumb Code    14  main.o(i.HAL_TIM_PeriodElapsedCallback)
    HAL_TIM_TriggerCallback                  0x08001b9d   Thumb Code     2  stm32l4xx_hal_tim.o(i.HAL_TIM_TriggerCallback)
    HAL_UART_Init                            0x08001b9f   Thumb Code   106  stm32l4xx_hal_uart.o(i.HAL_UART_Init)
    HAL_UART_MspInit                         0x08001c09   Thumb Code     2  stm32l4xx_hal_uart.o(i.HAL_UART_MspInit)
    HAL_UART_Transmit                        0x08001c0b   Thumb Code   176  stm32l4xx_hal_uart.o(i.HAL_UART_Transmit)
    HTS221_H_Init                            0x08001cbb   Thumb Code    32  hts221.o(i.HTS221_H_Init)
    HTS221_H_ReadHumidity                    0x08001cdd   Thumb Code   178  hts221.o(i.HTS221_H_ReadHumidity)
    HTS221_H_ReadID                          0x08001d9d   Thumb Code    20  hts221.o(i.HTS221_H_ReadID)
    HTS221_T_Init                            0x08001db1   Thumb Code    32  hts221.o(i.HTS221_T_Init)
    HTS221_T_ReadTemp                        0x08001dd1   Thumb Code   148  hts221.o(i.HTS221_T_ReadTemp)
    HardFault_Handler                        0x08001e65   Thumb Code     2  stm32l4xx_it.o(i.HardFault_Handler)
    LIS3MDL_MagDeInit                        0x08002225   Thumb Code    26  lis3mdl.o(i.LIS3MDL_MagDeInit)
    LIS3MDL_MagInit                          0x0800223f   Thumb Code    64  lis3mdl.o(i.LIS3MDL_MagInit)
    LIS3MDL_MagLowPower                      0x0800227f   Thumb Code    34  lis3mdl.o(i.LIS3MDL_MagLowPower)
    LIS3MDL_MagReadID                        0x080022a1   Thumb Code    18  lis3mdl.o(i.LIS3MDL_MagReadID)
    LIS3MDL_MagReadXYZ                       0x080022b5   Thumb Code   160  lis3mdl.o(i.LIS3MDL_MagReadXYZ)
    LPS22HB_P_Init                           0x0800239d   Thumb Code     4  lps22hb.o(i.LPS22HB_P_Init)
    LPS22HB_P_ReadID                         0x080023a1   Thumb Code    20  lps22hb.o(i.LPS22HB_P_ReadID)
    LPS22HB_P_ReadPressure                   0x080023b5   Thumb Code    92  lps22hb.o(i.LPS22HB_P_ReadPressure)
    LSM6DSL_AccDeInit                        0x08002415   Thumb Code    26  lsm6dsl.o(i.LSM6DSL_AccDeInit)
    LSM6DSL_AccInit                          0x0800242f   Thumb Code    56  lsm6dsl.o(i.LSM6DSL_AccInit)
    LSM6DSL_AccLowPower                      0x08002467   Thumb Code    34  lsm6dsl.o(i.LSM6DSL_AccLowPower)
    LSM6DSL_AccReadID                        0x08002489   Thumb Code    18  lsm6dsl.o(i.LSM6DSL_AccReadID)
    LSM6DSL_AccReadXYZ                       0x0800249d   Thumb Code   160  lsm6dsl.o(i.LSM6DSL_AccReadXYZ)
    LSM6DSL_GyroDeInit                       0x08002551   Thumb Code    26  lsm6dsl.o(i.LSM6DSL_GyroDeInit)
    LSM6DSL_GyroInit                         0x0800256b   Thumb Code    56  lsm6dsl.o(i.LSM6DSL_GyroInit)
    LSM6DSL_GyroLowPower                     0x080025a3   Thumb Code    34  lsm6dsl.o(i.LSM6DSL_GyroLowPower)
    LSM6DSL_GyroReadID                       0x080025c5   Thumb Code    18  lsm6dsl.o(i.LSM6DSL_GyroReadID)
    LSM6DSL_GyroReadXYZAngRate               0x080025d9   Thumb Code   156  lsm6dsl.o(i.LSM6DSL_GyroReadXYZAngRate)
    MemManage_Handler                        0x08002705   Thumb Code     2  stm32l4xx_it.o(i.MemManage_Handler)
    NMI_Handler                              0x08002707   Thumb Code     2  stm32l4xx_it.o(i.NMI_Handler)
    SENSOR_IO_Init                           0x080027a5   Thumb Code     6  stm32l475e_iot01.o(i.SENSOR_IO_Init)
    SENSOR_IO_Read                           0x080027b1   Thumb Code    32  stm32l475e_iot01.o(i.SENSOR_IO_Read)
    SENSOR_IO_ReadMultiple                   0x080027d5   Thumb Code    20  stm32l475e_iot01.o(i.SENSOR_IO_ReadMultiple)
    SENSOR_IO_Write                          0x080027ed   Thumb Code    26  stm32l475e_iot01.o(i.SENSOR_IO_Write)
    StartSensor                              0x0800280d   Thumb Code   144  main.o(i.StartSensor)
    SysTick_Handler                          0x080028bd   Thumb Code     4  stm32l4xx_it.o(i.SysTick_Handler)
    SystemClock_Config                       0x080028c1   Thumb Code   124  main.o(i.SystemClock_Config)
    SystemInit                               0x0800293d   Thumb Code    56  system_stm32l4xx.o(i.SystemInit)
    TIM1_TRG_COM_TIM17_IRQHandler            0x08002981   Thumb Code     6  stm32l4xx_it.o(i.TIM1_TRG_COM_TIM17_IRQHandler)
    TIM_Base_SetConfig                       0x0800298d   Thumb Code   160  stm32l4xx_hal_tim.o(i.TIM_Base_SetConfig)
    UART_AdvFeatureConfig                    0x08002a4d   Thumb Code   200  stm32l4xx_hal_uart.o(i.UART_AdvFeatureConfig)
    UART_CheckIdleState                      0x08002b15   Thumb Code    92  stm32l4xx_hal_uart.o(i.UART_CheckIdleState)
    UART_SetConfig                           0x08002b71   Thumb Code   622  stm32l4xx_hal_uart.o(i.UART_SetConfig)
    UART_WaitOnFlagUntilTimeout              0x08002e11   Thumb Code   100  stm32l4xx_hal_uart.o(i.UART_WaitOnFlagUntilTimeout)
    UART_init                                0x08002e75   Thumb Code   118  main.o(i.UART_init)
    UsageFault_Handler                       0x08002efd   Thumb Code     2  stm32l4xx_it.o(i.UsageFault_Handler)
    __0printf                                0x08002f01   Thumb Code    22  printfa.o(i.__0printf)
    __1printf                                0x08002f01   Thumb Code     0  printfa.o(i.__0printf)
    __2printf                                0x08002f01   Thumb Code     0  printfa.o(i.__0printf)
    __c89printf                              0x08002f01   Thumb Code     0  printfa.o(i.__0printf)
    printf                                   0x08002f01   Thumb Code     0  printfa.o(i.__0printf)
    __scatterload_copy                       0x08002f21   Thumb Code    14  handlers.o(i.__scatterload_copy)
    __scatterload_null                       0x08002f2f   Thumb Code     2  handlers.o(i.__scatterload_null)
    __scatterload_zeroinit                   0x08002f31   Thumb Code    14  handlers.o(i.__scatterload_zeroinit)
    buttonPress                              0x08003801   Thumb Code   200  main.o(i.buttonPress)
    fputc                                    0x08003925   Thumb Code    26  main.o(i.fputc)
    main                                     0x08003945   Thumb Code    86  main.o(i.main)
    osDelay                                  0x080039b1   Thumb Code    14  cmsis_os.o(i.osDelay)
    osKernelStart                            0x080039bf   Thumb Code    10  cmsis_os.o(i.osKernelStart)
    osSystickHandler                         0x080039c9   Thumb Code    20  cmsis_os.o(i.osSystickHandler)
    osThreadCreate                           0x080039dd   Thumb Code    46  cmsis_os.o(i.osThreadCreate)
    osThreadTerminate                        0x08003a0b   Thumb Code    10  cmsis_os.o(i.osThreadTerminate)
    printUsart                               0x08003a15   Thumb Code   196  main.o(i.printUsart)
    pvPortMalloc                             0x08003ecd   Thumb Code   210  heap_4.o(i.pvPortMalloc)
    pxPortInitialiseStack                    0x08003fa5   Thumb Code    40  port.o(i.pxPortInitialiseStack)
    uxListRemove                             0x08003fd1   Thumb Code    36  list.o(i.uxListRemove)
    vListInitialise                          0x08003ff5   Thumb Code    22  list.o(i.vListInitialise)
    vListInitialiseItem                      0x0800400b   Thumb Code     6  list.o(i.vListInitialiseItem)
    vListInsert                              0x08004011   Thumb Code    48  list.o(i.vListInsert)
    vListInsertEnd                           0x08004041   Thumb Code    24  list.o(i.vListInsertEnd)
    vPortEnterCritical                       0x08004059   Thumb Code    54  port.o(i.vPortEnterCritical)
    vPortExitCritical                        0x08004099   Thumb Code    34  port.o(i.vPortExitCritical)
    vPortFree                                0x080040c1   Thumb Code    88  heap_4.o(i.vPortFree)
    vPortSetupTimerInterrupt                 0x0800411d   Thumb Code    26  port.o(i.vPortSetupTimerInterrupt)
    vTaskDelay                               0x0800413d   Thumb Code    66  tasks.o(i.vTaskDelay)
    vTaskDelete                              0x08004189   Thumb Code   158  tasks.o(i.vTaskDelete)
    vTaskStartScheduler                      0x08004235   Thumb Code    86  tasks.o(i.vTaskStartScheduler)
    vTaskSuspendAll                          0x0800429d   Thumb Code    10  tasks.o(i.vTaskSuspendAll)
    vTaskSwitchContext                       0x080042ad   Thumb Code    82  tasks.o(i.vTaskSwitchContext)
    xPortStartScheduler                      0x08004309   Thumb Code   202  port.o(i.xPortStartScheduler)
    xPortSysTickHandler                      0x080043e9   Thumb Code    38  port.o(i.xPortSysTickHandler)
    xTaskCreate                              0x08004415   Thumb Code    86  tasks.o(i.xTaskCreate)
    xTaskGetSchedulerState                   0x08004471   Thumb Code    22  tasks.o(i.xTaskGetSchedulerState)
    xTaskIncrementTick                       0x0800448d   Thumb Code   192  tasks.o(i.xTaskIncrementTick)
    xTaskResumeAll                           0x08004555   Thumb Code   182  tasks.o(i.xTaskResumeAll)
    AHBPrescTable                            0x0800467c   Data          16  system_stm32l4xx.o(.constdata)
    MSIRangeTable                            0x0800468c   Data          48  system_stm32l4xx.o(.constdata)
    APBPrescTable                            0x080046bc   Data           8  system_stm32l4xx.o(.constdata)
    Region$$Table$$Base                      0x080046dc   Number         0  anon$$obj.o(Region$$Table)
    Region$$Table$$Limit                     0x080046fc   Number         0  anon$$obj.o(Region$$Table)
    HTS221_H_Drv                             0x20000018   Data          12  hts221.o(.data)
    HTS221_T_Drv                             0x20000024   Data          16  hts221.o(.data)
    Lis3mdlMagDrv                            0x20000034   Data          52  lis3mdl.o(.data)
    LPS22HB_P_Drv                            0x20000068   Data          12  lps22hb.o(.data)
    Lsm6dslAccDrv                            0x20000074   Data          52  lsm6dsl.o(.data)
    Lsm6dslGyroDrv                           0x200000a8   Data          52  lsm6dsl.o(.data)
    sensorIndex                              0x200000dc   Data           4  main.o(.data)
    nSensors                                 0x200000e0   Data           4  main.o(.data)
    sleep_mode                               0x200000e4   Data           4  main.o(.data)
    sensorHandle                             0x200000e8   Data           4  main.o(.data)
    printHandle                              0x200000ec   Data           4  main.o(.data)
    buttonHandle                             0x200000f0   Data           4  main.o(.data)
    temp                                     0x200000f4   Data           4  main.o(.data)
    humid                                    0x200000f8   Data           4  main.o(.data)
    pressure                                 0x200000fc   Data           4  main.o(.data)
    acc                                      0x20000100   Data           6  main.o(.data)
    mag                                      0x20000106   Data           6  main.o(.data)
    uwTick                                   0x2000010c   Data           4  stm32l4xx_hal.o(.data)
    SystemCoreClock                          0x20000110   Data           4  system_stm32l4xx.o(.data)
    pxCurrentTCB                             0x20000138   Data           4  tasks.o(.data)
    __stdout                                 0x20000174   Data           4  stdout.o(.data)
    hI2cHandler                              0x20000178   Data          76  stm32l475e_iot01.o(.bss)
    handle                                   0x200001c4   Data         120  main.o(.bss)
    gyro                                     0x2000023c   Data          12  main.o(.bss)
    htim17                                   0x20000248   Data          64  stm32l4xx_hal_timebase_tim.o(.bss)
    __initial_sp                             0x20001330   Data           0  startup_stm32l475xx.o(STACK)



==============================================================================

Memory Map of the image

  Image Entry point : 0x08000189

  Load Region LR_IROM1 (Base: 0x08000000, Size: 0x00004874, Max: 0x00100000, ABSOLUTE, COMPRESSED[0x00004760])

    Execution Region ER_IROM1 (Exec base: 0x08000000, Load base: 0x08000000, Size: 0x000046fc, Max: 0x00100000, ABSOLUTE)

    Exec Addr    Load Addr    Size         Type   Attr      Idx    E Section Name        Object

    0x08000000   0x08000000   0x00000188   Data   RO            3    RESET               startup_stm32l475xx.o
    0x08000188   0x08000188   0x00000000   Code   RO         6288  * .ARM.Collect$$$$00000000  mc_w.l(entry.o)
    0x08000188   0x08000188   0x00000004   Code   RO         6560    .ARM.Collect$$$$00000001  mc_w.l(entry2.o)
    0x0800018c   0x0800018c   0x00000004   Code   RO         6563    .ARM.Collect$$$$00000004  mc_w.l(entry5.o)
    0x08000190   0x08000190   0x00000000   Code   RO         6565    .ARM.Collect$$$$00000008  mc_w.l(entry7b.o)
    0x08000190   0x08000190   0x00000000   Code   RO         6567    .ARM.Collect$$$$0000000A  mc_w.l(entry8b.o)
    0x08000190   0x08000190   0x00000008   Code   RO         6568    .ARM.Collect$$$$0000000B  mc_w.l(entry9a.o)
    0x08000198   0x08000198   0x00000000   Code   RO         6570    .ARM.Collect$$$$0000000D  mc_w.l(entry10a.o)
    0x08000198   0x08000198   0x00000000   Code   RO         6572    .ARM.Collect$$$$0000000F  mc_w.l(entry11a.o)
    0x08000198   0x08000198   0x00000004   Code   RO         6561    .ARM.Collect$$$$00002712  mc_w.l(entry2.o)
    0x0800019c   0x0800019c   0x000000da   Code   RO         5283    .emb_text           port.o
    0x08000276   0x08000276   0x00000002   PAD
    0x08000278   0x08000278   0x00000024   Code   RO            4    .text               startup_stm32l475xx.o
    0x0800029c   0x0800029c   0x00000068   Code   RO         6291    .text               mc_w.l(uldiv.o)
    0x08000304   0x08000304   0x00000024   Code   RO         6293    .text               mc_w.l(memcpya.o)
    0x08000328   0x08000328   0x00000026   Code   RO         6558    .text               mf_w.l(f2d.o)
    0x0800034e   0x0800034e   0x0000002c   Code   RO         6575    .text               mc_w.l(uidiv.o)
    0x0800037a   0x0800037a   0x0000001e   Code   RO         6577    .text               mc_w.l(llshl.o)
    0x08000398   0x08000398   0x00000020   Code   RO         6579    .text               mc_w.l(llushr.o)
    0x080003b8   0x080003b8   0x00000000   Code   RO         6581    .text               mc_w.l(iusefp.o)
    0x080003b8   0x080003b8   0x0000015e   Code   RO         6582    .text               mf_w.l(dadd.o)
    0x08000516   0x08000516   0x000000ea   Code   RO         6584    .text               mf_w.l(dmul.o)
    0x08000600   0x08000600   0x000000de   Code   RO         6586    .text               mf_w.l(ddiv.o)
    0x080006de   0x080006de   0x00000030   Code   RO         6588    .text               mf_w.l(dfixul.o)
    0x0800070e   0x0800070e   0x00000002   PAD
    0x08000710   0x08000710   0x00000030   Code   RO         6590    .text               mf_w.l(cdrcmple.o)
    0x08000740   0x08000740   0x00000024   Code   RO         6592    .text               mc_w.l(init.o)
    0x08000764   0x08000764   0x00000024   Code   RO         6594    .text               mc_w.l(llsshr.o)
    0x08000788   0x08000788   0x000000ba   Code   RO         6596    .text               mf_w.l(depilogue.o)
    0x08000842   0x08000842   0x00000056   Code   RO         6606    .text               mc_w.l(__dczerorl2.o)
    0x08000898   0x08000898   0x00000018   Code   RO          341    i.BSP_ACCELERO_AccGetXYZ  stm32l475e_iot01_accelero.o
    0x080008b0   0x080008b0   0x00000018   Code   RO          342    i.BSP_ACCELERO_DeInit  stm32l475e_iot01_accelero.o
    0x080008c8   0x080008c8   0x0000002c   Code   RO          343    i.BSP_ACCELERO_Init  stm32l475e_iot01_accelero.o
    0x080008f4   0x080008f4   0x00000018   Code   RO          398    i.BSP_GYRO_DeInit   stm32l475e_iot01_gyro.o
    0x0800090c   0x0800090c   0x00000018   Code   RO          399    i.BSP_GYRO_GetXYZ   stm32l475e_iot01_gyro.o
    0x08000924   0x08000924   0x00000028   Code   RO          400    i.BSP_GYRO_Init     stm32l475e_iot01_gyro.o
    0x0800094c   0x0800094c   0x00000028   Code   RO          445    i.BSP_HSENSOR_Init  stm32l475e_iot01_hsensor.o
    0x08000974   0x08000974   0x00000010   Code   RO          446    i.BSP_HSENSOR_ReadHumidity  stm32l475e_iot01_hsensor.o
    0x08000984   0x08000984   0x00000018   Code   RO          496    i.BSP_MAGNETO_DeInit  stm32l475e_iot01_magneto.o
    0x0800099c   0x0800099c   0x00000018   Code   RO          497    i.BSP_MAGNETO_GetXYZ  stm32l475e_iot01_magneto.o
    0x080009b4   0x080009b4   0x00000048   Code   RO          498    i.BSP_MAGNETO_Init  stm32l475e_iot01_magneto.o
    0x080009fc   0x080009fc   0x00000028   Code   RO          550    i.BSP_PSENSOR_Init  stm32l475e_iot01_psensor.o
    0x08000a24   0x08000a24   0x00000010   Code   RO          552    i.BSP_PSENSOR_ReadPressure  stm32l475e_iot01_psensor.o
    0x08000a34   0x08000a34   0x00000024   Code   RO          749    i.BSP_TSENSOR_Init  stm32l475e_iot01_tsensor.o
    0x08000a58   0x08000a58   0x00000010   Code   RO          750    i.BSP_TSENSOR_ReadTemp  stm32l475e_iot01_tsensor.o
    0x08000a68   0x08000a68   0x00000002   Code   RO         1194    i.BusFault_Handler  stm32l4xx_it.o
    0x08000a6a   0x08000a6a   0x00000002   Code   RO         1195    i.DebugMon_Handler  stm32l4xx_it.o
    0x08000a6c   0x08000a6c   0x000001ca   Code   RO         3404    i.HAL_GPIO_Init     stm32l4xx_hal_gpio.o
    0x08000c36   0x08000c36   0x0000000a   Code   RO         3406    i.HAL_GPIO_ReadPin  stm32l4xx_hal_gpio.o
    0x08000c40   0x08000c40   0x0000000a   Code   RO         3408    i.HAL_GPIO_WritePin  stm32l4xx_hal_gpio.o
    0x08000c4a   0x08000c4a   0x00000002   PAD
    0x08000c4c   0x08000c4c   0x0000000c   Code   RO         2237    i.HAL_GetTick       stm32l4xx_hal.o
    0x08000c58   0x08000c58   0x00000056   Code   RO         2896    i.HAL_I2CEx_ConfigAnalogFilter  stm32l4xx_hal_i2c_ex.o
    0x08000cae   0x08000cae   0x00000038   Code   RO         2441    i.HAL_I2C_DeInit    stm32l4xx_hal_i2c.o
    0x08000ce6   0x08000ce6   0x00000002   PAD
    0x08000ce8   0x08000ce8   0x000000bc   Code   RO         2450    i.HAL_I2C_Init      stm32l4xx_hal_i2c.o
    0x08000da4   0x08000da4   0x00000166   Code   RO         2468    i.HAL_I2C_Mem_Read  stm32l4xx_hal_i2c.o
    0x08000f0a   0x08000f0a   0x00000002   PAD
    0x08000f0c   0x08000f0c   0x0000015e   Code   RO         2471    i.HAL_I2C_Mem_Write  stm32l4xx_hal_i2c.o
    0x0800106a   0x0800106a   0x00000002   Code   RO         2474    i.HAL_I2C_MspDeInit  stm32l4xx_hal_i2c.o
    0x0800106c   0x0800106c   0x00000002   Code   RO         2475    i.HAL_I2C_MspInit   stm32l4xx_hal_i2c.o
    0x0800106e   0x0800106e   0x00000002   PAD
    0x08001070   0x08001070   0x00000010   Code   RO         2241    i.HAL_IncTick       stm32l4xx_hal.o
    0x08001080   0x08001080   0x00000016   Code   RO         2242    i.HAL_Init          stm32l4xx_hal.o
    0x08001096   0x08001096   0x00000002   PAD
    0x08001098   0x08001098   0x00000074   Code   RO         1288    i.HAL_InitTick      stm32l4xx_hal_timebase_tim.o
    0x0800110c   0x0800110c   0x00000080   Code   RO         1264    i.HAL_MspInit       stm32l4xx_hal_msp.o
    0x0800118c   0x0800118c   0x00000016   Code   RO         3945    i.HAL_NVIC_EnableIRQ  stm32l4xx_hal_cortex.o
    0x080011a2   0x080011a2   0x00000002   PAD
    0x080011a4   0x080011a4   0x00000040   Code   RO         3951    i.HAL_NVIC_SetPriority  stm32l4xx_hal_cortex.o
    0x080011e4   0x080011e4   0x00000024   Code   RO         3952    i.HAL_NVIC_SetPriorityGrouping  stm32l4xx_hal_cortex.o
    0x08001208   0x08001208   0x00000064   Code   RO         3695    i.HAL_PWREx_ControlVoltageScaling  stm32l4xx_hal_pwr_ex.o
    0x0800126c   0x0800126c   0x00000010   Code   RO         3726    i.HAL_PWREx_GetVoltageRange  stm32l4xx_hal_pwr_ex.o
    0x0800127c   0x0800127c   0x00000114   Code   RO         2951    i.HAL_RCC_ClockConfig  stm32l4xx_hal_rcc.o
    0x08001390   0x08001390   0x00000040   Code   RO         2954    i.HAL_RCC_GetClockConfig  stm32l4xx_hal_rcc.o
    0x080013d0   0x080013d0   0x0000000c   Code   RO         2955    i.HAL_RCC_GetHCLKFreq  stm32l4xx_hal_rcc.o
    0x080013dc   0x080013dc   0x00000020   Code   RO         2957    i.HAL_RCC_GetPCLK1Freq  stm32l4xx_hal_rcc.o
    0x080013fc   0x080013fc   0x00000020   Code   RO         2958    i.HAL_RCC_GetPCLK2Freq  stm32l4xx_hal_rcc.o
    0x0800141c   0x0800141c   0x000000c4   Code   RO         2959    i.HAL_RCC_GetSysClockFreq  stm32l4xx_hal_rcc.o
    0x080014e0   0x080014e0   0x0000046c   Code   RO         2962    i.HAL_RCC_OscConfig  stm32l4xx_hal_rcc.o
    0x0800194c   0x0800194c   0x00000018   Code   RO         3954    i.HAL_SYSTICK_CLKSourceConfig  stm32l4xx_hal_cortex.o
    0x08001964   0x08001964   0x00000028   Code   RO         3956    i.HAL_SYSTICK_Config  stm32l4xx_hal_cortex.o
    0x0800198c   0x0800198c   0x00000002   Code   RO         1969    i.HAL_TIMEx_Break2Callback  stm32l4xx_hal_tim_ex.o
    0x0800198e   0x0800198e   0x00000002   Code   RO         1970    i.HAL_TIMEx_BreakCallback  stm32l4xx_hal_tim_ex.o
    0x08001990   0x08001990   0x00000002   Code   RO         1971    i.HAL_TIMEx_CommutationCallback  stm32l4xx_hal_tim_ex.o
    0x08001992   0x08001992   0x00000036   Code   RO         1330    i.HAL_TIM_Base_Init  stm32l4xx_hal_tim.o
    0x080019c8   0x080019c8   0x00000002   Code   RO         1332    i.HAL_TIM_Base_MspInit  stm32l4xx_hal_tim.o
    0x080019ca   0x080019ca   0x00000002   PAD
    0x080019cc   0x080019cc   0x00000030   Code   RO         1335    i.HAL_TIM_Base_Start_IT  stm32l4xx_hal_tim.o
    0x080019fc   0x080019fc   0x00000002   Code   RO         1359    i.HAL_TIM_IC_CaptureCallback  stm32l4xx_hal_tim.o
    0x080019fe   0x080019fe   0x00000184   Code   RO         1372    i.HAL_TIM_IRQHandler  stm32l4xx_hal_tim.o
    0x08001b82   0x08001b82   0x00000002   Code   RO         1375    i.HAL_TIM_OC_DelayElapsedCallback  stm32l4xx_hal_tim.o
    0x08001b84   0x08001b84   0x00000002   Code   RO         1402    i.HAL_TIM_PWM_PulseFinishedCallback  stm32l4xx_hal_tim.o
    0x08001b86   0x08001b86   0x00000002   PAD
    0x08001b88   0x08001b88   0x00000014   Code   RO         1011    i.HAL_TIM_PeriodElapsedCallback  main.o
    0x08001b9c   0x08001b9c   0x00000002   Code   RO         1413    i.HAL_TIM_TriggerCallback  stm32l4xx_hal_tim.o
    0x08001b9e   0x08001b9e   0x0000006a   Code   RO         4101    i.HAL_UART_Init     stm32l4xx_hal_uart.o
    0x08001c08   0x08001c08   0x00000002   Code   RO         4103    i.HAL_UART_MspInit  stm32l4xx_hal_uart.o
    0x08001c0a   0x08001c0a   0x000000b0   Code   RO         4109    i.HAL_UART_Transmit  stm32l4xx_hal_uart.o
    0x08001cba   0x08001cba   0x00000020   Code   RO          781    i.HTS221_H_Init     hts221.o
    0x08001cda   0x08001cda   0x00000002   PAD
    0x08001cdc   0x08001cdc   0x000000c0   Code   RO          782    i.HTS221_H_ReadHumidity  hts221.o
    0x08001d9c   0x08001d9c   0x00000014   Code   RO          783    i.HTS221_H_ReadID   hts221.o
    0x08001db0   0x08001db0   0x00000020   Code   RO          784    i.HTS221_T_Init     hts221.o
    0x08001dd0   0x08001dd0   0x00000094   Code   RO          785    i.HTS221_T_ReadTemp  hts221.o
    0x08001e64   0x08001e64   0x00000002   Code   RO         1196    i.HardFault_Handler  stm32l4xx_it.o
    0x08001e66   0x08001e66   0x00000022   Code   RO         2497    i.I2C_Flush_TXDR    stm32l4xx_hal_i2c.o
    0x08001e88   0x08001e88   0x00000084   Code   RO         2505    i.I2C_IsAcknowledgeFailed  stm32l4xx_hal_i2c.o
    0x08001f0c   0x08001f0c   0x00000064   Code   RO         2508    i.I2C_RequestMemoryRead  stm32l4xx_hal_i2c.o
    0x08001f70   0x08001f70   0x00000064   Code   RO         2509    i.I2C_RequestMemoryWrite  stm32l4xx_hal_i2c.o
    0x08001fd4   0x08001fd4   0x0000002c   Code   RO         2512    i.I2C_TransferConfig  stm32l4xx_hal_i2c.o
    0x08002000   0x08002000   0x00000058   Code   RO         2513    i.I2C_WaitOnFlagUntilTimeout  stm32l4xx_hal_i2c.o
    0x08002058   0x08002058   0x0000004c   Code   RO         2515    i.I2C_WaitOnSTOPFlagUntilTimeout  stm32l4xx_hal_i2c.o
    0x080020a4   0x080020a4   0x00000050   Code   RO         2516    i.I2C_WaitOnTXISFlagUntilTimeout  stm32l4xx_hal_i2c.o
    0x080020f4   0x080020f4   0x00000012   Code   RO           25    i.I2Cx_Error        stm32l475e_iot01.o
    0x08002106   0x08002106   0x00000002   PAD
    0x08002108   0x08002108   0x0000003c   Code   RO           26    i.I2Cx_Init         stm32l475e_iot01.o
    0x08002144   0x08002144   0x0000008c   Code   RO           27    i.I2Cx_MspInit      stm32l475e_iot01.o
    0x080021d0   0x080021d0   0x0000002a   Code   RO           28    i.I2Cx_ReadMultiple  stm32l475e_iot01.o
    0x080021fa   0x080021fa   0x0000002a   Code   RO           29    i.I2Cx_WriteMultiple  stm32l475e_iot01.o
    0x08002224   0x08002224   0x0000001a   Code   RO          830    i.LIS3MDL_MagDeInit  lis3mdl.o
    0x0800223e   0x0800223e   0x00000040   Code   RO          831    i.LIS3MDL_MagInit   lis3mdl.o
    0x0800227e   0x0800227e   0x00000022   Code   RO          832    i.LIS3MDL_MagLowPower  lis3mdl.o
    0x080022a0   0x080022a0   0x00000012   Code   RO          833    i.LIS3MDL_MagReadID  lis3mdl.o
    0x080022b2   0x080022b2   0x00000002   PAD
    0x080022b4   0x080022b4   0x000000b4   Code   RO          834    i.LIS3MDL_MagReadXYZ  lis3mdl.o
    0x08002368   0x08002368   0x00000034   Code   RO          875    i.LPS22HB_Init      lps22hb.o
    0x0800239c   0x0800239c   0x00000004   Code   RO          876    i.LPS22HB_P_Init    lps22hb.o
    0x080023a0   0x080023a0   0x00000014   Code   RO          877    i.LPS22HB_P_ReadID  lps22hb.o
    0x080023b4   0x080023b4   0x00000060   Code   RO          878    i.LPS22HB_P_ReadPressure  lps22hb.o
    0x08002414   0x08002414   0x0000001a   Code   RO          929    i.LSM6DSL_AccDeInit  lsm6dsl.o
    0x0800242e   0x0800242e   0x00000038   Code   RO          930    i.LSM6DSL_AccInit   lsm6dsl.o
    0x08002466   0x08002466   0x00000022   Code   RO          931    i.LSM6DSL_AccLowPower  lsm6dsl.o
    0x08002488   0x08002488   0x00000012   Code   RO          932    i.LSM6DSL_AccReadID  lsm6dsl.o
    0x0800249a   0x0800249a   0x00000002   PAD
    0x0800249c   0x0800249c   0x000000b4   Code   RO          933    i.LSM6DSL_AccReadXYZ  lsm6dsl.o
    0x08002550   0x08002550   0x0000001a   Code   RO          934    i.LSM6DSL_GyroDeInit  lsm6dsl.o
    0x0800256a   0x0800256a   0x00000038   Code   RO          935    i.LSM6DSL_GyroInit  lsm6dsl.o
    0x080025a2   0x080025a2   0x00000022   Code   RO          936    i.LSM6DSL_GyroLowPower  lsm6dsl.o
    0x080025c4   0x080025c4   0x00000012   Code   RO          937    i.LSM6DSL_GyroReadID  lsm6dsl.o
    0x080025d6   0x080025d6   0x00000002   PAD
    0x080025d8   0x080025d8   0x000000b0   Code   RO          938    i.LSM6DSL_GyroReadXYZAngRate  lsm6dsl.o
    0x08002688   0x08002688   0x0000007c   Code   RO         1012    i.MX_GPIO_Init      main.o
    0x08002704   0x08002704   0x00000002   Code   RO         1197    i.MemManage_Handler  stm32l4xx_it.o
    0x08002706   0x08002706   0x00000002   Code   RO         1198    i.NMI_Handler       stm32l4xx_it.o
    0x08002708   0x08002708   0x00000020   Code   RO         3958    i.NVIC_SetPriority  stm32l4xx_hal_cortex.o
    0x08002728   0x08002728   0x0000007c   Code   RO         2963    i.RCC_SetFlashLatencyFromMSIRange  stm32l4xx_hal_rcc.o
    0x080027a4   0x080027a4   0x0000000c   Code   RO           40    i.SENSOR_IO_Init    stm32l475e_iot01.o
    0x080027b0   0x080027b0   0x00000024   Code   RO           42    i.SENSOR_IO_Read    stm32l475e_iot01.o
    0x080027d4   0x080027d4   0x00000018   Code   RO           43    i.SENSOR_IO_ReadMultiple  stm32l475e_iot01.o
    0x080027ec   0x080027ec   0x00000020   Code   RO           44    i.SENSOR_IO_Write   stm32l475e_iot01.o
    0x0800280c   0x0800280c   0x000000b0   Code   RO         1014    i.StartSensor       main.o
    0x080028bc   0x080028bc   0x00000004   Code   RO         1199    i.SysTick_Handler   stm32l4xx_it.o
    0x080028c0   0x080028c0   0x0000007c   Code   RO         1015    i.SystemClock_Config  main.o
    0x0800293c   0x0800293c   0x00000044   Code   RO         5179    i.SystemInit        system_stm32l4xx.o
    0x08002980   0x08002980   0x0000000c   Code   RO         1200    i.TIM1_TRG_COM_TIM17_IRQHandler  stm32l4xx_it.o
    0x0800298c   0x0800298c   0x000000c0   Code   RO         1414    i.TIM_Base_SetConfig  stm32l4xx_hal_tim.o
    0x08002a4c   0x08002a4c   0x000000c8   Code   RO         4114    i.UART_AdvFeatureConfig  stm32l4xx_hal_uart.o
    0x08002b14   0x08002b14   0x0000005c   Code   RO         4115    i.UART_CheckIdleState  stm32l4xx_hal_uart.o
    0x08002b70   0x08002b70   0x000002a0   Code   RO         4130    i.UART_SetConfig    stm32l4xx_hal_uart.o
    0x08002e10   0x08002e10   0x00000064   Code   RO         4133    i.UART_WaitOnFlagUntilTimeout  stm32l4xx_hal_uart.o
    0x08002e74   0x08002e74   0x00000088   Code   RO         1016    i.UART_init         main.o
    0x08002efc   0x08002efc   0x00000002   Code   RO         1201    i.UsageFault_Handler  stm32l4xx_it.o
    0x08002efe   0x08002efe   0x00000002   PAD
    0x08002f00   0x08002f00   0x00000020   Code   RO         6530    i.__0printf         mc_w.l(printfa.o)
    0x08002f20   0x08002f20   0x0000000e   Code   RO         6600    i.__scatterload_copy  mc_w.l(handlers.o)
    0x08002f2e   0x08002f2e   0x00000002   Code   RO         6601    i.__scatterload_null  mc_w.l(handlers.o)
    0x08002f30   0x08002f30   0x0000000e   Code   RO         6602    i.__scatterload_zeroinit  mc_w.l(handlers.o)
    0x08002f3e   0x08002f3e   0x00000002   PAD
    0x08002f40   0x08002f40   0x0000018a   Code   RO         6537    i._fp_digits        mc_w.l(printfa.o)
    0x080030ca   0x080030ca   0x00000002   PAD
    0x080030cc   0x080030cc   0x000006e2   Code   RO         6538    i._printf_core      mc_w.l(printfa.o)
    0x080037ae   0x080037ae   0x00000024   Code   RO         6539    i._printf_post_padding  mc_w.l(printfa.o)
    0x080037d2   0x080037d2   0x0000002e   Code   RO         6540    i._printf_pre_padding  mc_w.l(printfa.o)
    0x08003800   0x08003800   0x00000124   Code   RO         1018    i.buttonPress       main.o
    0x08003924   0x08003924   0x00000020   Code   RO         1020    i.fputc             main.o
    0x08003944   0x08003944   0x00000060   Code   RO         1022    i.main              main.o
    0x080039a4   0x080039a4   0x0000000c   Code   RO         5915    i.makeFreeRtosPriority  cmsis_os.o
    0x080039b0   0x080039b0   0x0000000e   Code   RO         5917    i.osDelay           cmsis_os.o
    0x080039be   0x080039be   0x0000000a   Code   RO         5920    i.osKernelStart     cmsis_os.o
    0x080039c8   0x080039c8   0x00000014   Code   RO         5953    i.osSystickHandler  cmsis_os.o
    0x080039dc   0x080039dc   0x0000002e   Code   RO         5954    i.osThreadCreate    cmsis_os.o
    0x08003a0a   0x08003a0a   0x0000000a   Code   RO         5963    i.osThreadTerminate  cmsis_os.o
    0x08003a14   0x08003a14   0x00000180   Code   RO         1024    i.printUsart        main.o
    0x08003b94   0x08003b94   0x00000070   Code   RO         5626    i.prvAddCurrentTaskToDelayedList  tasks.o
    0x08003c04   0x08003c04   0x000000d0   Code   RO         5627    i.prvAddNewTaskToReadyList  tasks.o
    0x08003cd4   0x08003cd4   0x00000050   Code   RO         5628    i.prvCheckTasksWaitingTermination  tasks.o
    0x08003d24   0x08003d24   0x00000014   Code   RO         5629    i.prvDeleteTCB      tasks.o
    0x08003d38   0x08003d38   0x00000048   Code   RO         5213    i.prvHeapInit       heap_4.o
    0x08003d80   0x08003d80   0x00000028   Code   RO         5630    i.prvIdleTask       tasks.o
    0x08003da8   0x08003da8   0x0000008e   Code   RO         5631    i.prvInitialiseNewTask  tasks.o
    0x08003e36   0x08003e36   0x00000002   PAD
    0x08003e38   0x08003e38   0x0000004c   Code   RO         5214    i.prvInsertBlockIntoFreeList  heap_4.o
    0x08003e84   0x08003e84   0x00000020   Code   RO         5632    i.prvResetNextTaskUnblockTime  tasks.o
    0x08003ea4   0x08003ea4   0x00000028   Code   RO         5284    i.prvTaskExitError  port.o
    0x08003ecc   0x08003ecc   0x000000d8   Code   RO         5215    i.pvPortMalloc      heap_4.o
    0x08003fa4   0x08003fa4   0x0000002c   Code   RO         5285    i.pxPortInitialiseStack  port.o
    0x08003fd0   0x08003fd0   0x00000024   Code   RO         5449    i.uxListRemove      list.o
    0x08003ff4   0x08003ff4   0x00000016   Code   RO         5450    i.vListInitialise   list.o
    0x0800400a   0x0800400a   0x00000006   Code   RO         5451    i.vListInitialiseItem  list.o
    0x08004010   0x08004010   0x00000030   Code   RO         5452    i.vListInsert       list.o
    0x08004040   0x08004040   0x00000018   Code   RO         5453    i.vListInsertEnd    list.o
    0x08004058   0x08004058   0x00000040   Code   RO         5287    i.vPortEnterCritical  port.o
    0x08004098   0x08004098   0x00000028   Code   RO         5288    i.vPortExitCritical  port.o
    0x080040c0   0x080040c0   0x0000005c   Code   RO         5216    i.vPortFree         heap_4.o
    0x0800411c   0x0800411c   0x00000020   Code   RO         5289    i.vPortSetupTimerInterrupt  port.o
    0x0800413c   0x0800413c   0x0000004c   Code   RO         5640    i.vTaskDelay        tasks.o
    0x08004188   0x08004188   0x000000ac   Code   RO         5641    i.vTaskDelete       tasks.o
    0x08004234   0x08004234   0x00000068   Code   RO         5651    i.vTaskStartScheduler  tasks.o
    0x0800429c   0x0800429c   0x00000010   Code   RO         5653    i.vTaskSuspendAll   tasks.o
    0x080042ac   0x080042ac   0x0000005c   Code   RO         5654    i.vTaskSwitchContext  tasks.o
    0x08004308   0x08004308   0x000000e0   Code   RO         5291    i.xPortStartScheduler  port.o
    0x080043e8   0x080043e8   0x0000002c   Code   RO         5292    i.xPortSysTickHandler  port.o
    0x08004414   0x08004414   0x0000005c   Code   RO         5656    i.xTaskCreate       tasks.o
    0x08004470   0x08004470   0x0000001c   Code   RO         5660    i.xTaskGetSchedulerState  tasks.o
    0x0800448c   0x0800448c   0x000000c8   Code   RO         5663    i.xTaskIncrementTick  tasks.o
    0x08004554   0x08004554   0x000000c4   Code   RO         5669    i.xTaskResumeAll    tasks.o
    0x08004618   0x08004618   0x00000064   Data   RO         1027    .constdata          main.o
    0x0800467c   0x0800467c   0x00000040   Data   RO         5180    .constdata          system_stm32l4xx.o
    0x080046bc   0x080046bc   0x00000008   Data   RO         5181    .constdata          system_stm32l4xx.o
    0x080046c4   0x080046c4   0x00000016   Data   RO         1028    .conststring        main.o
    0x080046da   0x080046da   0x00000002   PAD
    0x080046dc   0x080046dc   0x00000020   Data   RO         6598    Region$$Table       anon$$obj.o


    Execution Region RW_IRAM1 (Exec base: 0x20000000, Load base: 0x080046fc, Size: 0x00001330, Max: 0x00018000, ABSOLUTE, COMPRESSED[0x00000064])

    Exec Addr    Load Addr    Size         Type   Attr      Idx    E Section Name        Object

    0x20000000   COMPRESSED   0x00000004   Data   RW          345    .data               stm32l475e_iot01_accelero.o
    0x20000004   COMPRESSED   0x00000004   Data   RW          402    .data               stm32l475e_iot01_gyro.o
    0x20000008   COMPRESSED   0x00000004   Data   RW          448    .data               stm32l475e_iot01_hsensor.o
    0x2000000c   COMPRESSED   0x00000004   Data   RW          500    .data               stm32l475e_iot01_magneto.o
    0x20000010   COMPRESSED   0x00000004   Data   RW          553    .data               stm32l475e_iot01_psensor.o
    0x20000014   COMPRESSED   0x00000004   Data   RW          751    .data               stm32l475e_iot01_tsensor.o
    0x20000018   COMPRESSED   0x0000000c   Data   RW          786    .data               hts221.o
    0x20000024   COMPRESSED   0x00000010   Data   RW          787    .data               hts221.o
    0x20000034   COMPRESSED   0x00000034   Data   RW          835    .data               lis3mdl.o
    0x20000068   COMPRESSED   0x0000000c   Data   RW          881    .data               lps22hb.o
    0x20000074   COMPRESSED   0x00000034   Data   RW          939    .data               lsm6dsl.o
    0x200000a8   COMPRESSED   0x00000034   Data   RW          940    .data               lsm6dsl.o
    0x200000dc   COMPRESSED   0x00000030   Data   RW         1029    .data               main.o
    0x2000010c   COMPRESSED   0x00000004   Data   RW         2258    .data               stm32l4xx_hal.o
    0x20000110   COMPRESSED   0x00000004   Data   RW         5182    .data               system_stm32l4xx.o
    0x20000114   COMPRESSED   0x00000018   Data   RW         5221    .data               heap_4.o
    0x2000012c   COMPRESSED   0x0000000c   Data   RW         5293    .data               port.o
    0x20000138   COMPRESSED   0x0000003c   Data   RW         5672    .data               tasks.o
    0x20000174   COMPRESSED   0x00000004   Data   RW         6574    .data               mc_w.l(stdout.o)
    0x20000178        -       0x0000004c   Zero   RW           46    .bss                stm32l475e_iot01.o
    0x200001c4        -       0x00000084   Zero   RW         1026    .bss                main.o
    0x20000248        -       0x00000040   Zero   RW         1291    .bss                stm32l4xx_hal_timebase_tim.o
    0x20000288        -       0x00000bb8   Zero   RW         5220    .bss                heap_4.o
    0x20000e40        -       0x000000f0   Zero   RW         5671    .bss                tasks.o
    0x20000f30        -       0x00000400   Zero   RW            1    STACK               startup_stm32l475xx.o


==============================================================================

Image component sizes


      Code (inc. data)   RO Data    RW Data    ZI Data      Debug   Object Name

       112          0          0          0          0      14252   cmsis_os.o
         0          0          0          0          0       8144   event_groups.o
       456         22          0         24       3000       9019   heap_4.o
       424         14          0         28          0       5594   hts221.o
       322         20          0         52          0       5189   lis3mdl.o
       136          0          0          0          0       3730   list.o
       172          4          0         12          0       4431   lps22hb.o
       624         40          0        104          0      10441   lsm6dsl.o
      1384        378        122         48        132      28315   main.o
       706         74          0         12          0      11372   port.o
        36          8        392          0       1024        868   startup_stm32l475xx.o
       406         38          0          0         76     818404   stm32l475e_iot01.o
        92         22          0          4          0       5631   stm32l475e_iot01_accelero.o
        88         20          0          4          0       2512   stm32l475e_iot01_gyro.o
        56         14          0          4          0       3282   stm32l475e_iot01_hsensor.o
       120         22          0          4          0       4001   stm32l475e_iot01_magneto.o
        56         14          0          4          0       2486   stm32l475e_iot01_psensor.o
        52         16          0          4          0       1878   stm32l475e_iot01_tsensor.o
        50         12          0          4          0       3048   stm32l4xx_hal.o
       218         14          0          0          0      31245   stm32l4xx_hal_cortex.o
       478         38          0          0          0       3315   stm32l4xx_hal_gpio.o
      1610         38          0          0          0      14029   stm32l4xx_hal_i2c.o
        86          0          0          0          0       1195   stm32l4xx_hal_i2c_ex.o
       128          6          0          0          0        966   stm32l4xx_hal_msp.o
       116         20          0          0          0       1426   stm32l4xx_hal_pwr_ex.o
      1868        102          0          0          0       8005   stm32l4xx_hal_rcc.o
       692         36          0          0          0       7576   stm32l4xx_hal_tim.o
         6          0          0          0          0       2293   stm32l4xx_hal_tim_ex.o
       116         18          0          0         64       1545   stm32l4xx_hal_timebase_tim.o
      1348         70          0          0          0       7172   stm32l4xx_hal_uart.o
        28          6          0          0          0       3911   stm32l4xx_it.o
        68         12         72          4          0       1313   system_stm32l4xx.o
      1610        136          0         60        240      17501   tasks.o

    ----------------------------------------------------------------------
     13696       1214        620        372       4536    1044089   Object Totals
         0          0         32          0          0          0   (incl. Generated)
        32          0          2          0          0          0   (incl. Padding)

    ----------------------------------------------------------------------

      Code (inc. data)   RO Data    RW Data    ZI Data      Debug   Library Member Name

        86          0          0          0          0          0   __dczerorl2.o
         0          0          0          0          0          0   entry.o
         0          0          0          0          0          0   entry10a.o
         0          0          0          0          0          0   entry11a.o
         8          4          0          0          0          0   entry2.o
         4          0          0          0          0          0   entry5.o
         0          0          0          0          0          0   entry7b.o
         0          0          0          0          0          0   entry8b.o
         8          4          0          0          0          0   entry9a.o
        30          0          0          0          0          0   handlers.o
        36          8          0          0          0         68   init.o
         0          0          0          0          0          0   iusefp.o
        30          0          0          0          0         68   llshl.o
        36          0          0          0          0         68   llsshr.o
        32          0          0          0          0         68   llushr.o
        36          0          0          0          0         68   memcpya.o
      2270         90          0          0          0        452   printfa.o
         0          0          0          4          0          0   stdout.o
        44          0          0          0          0         80   uidiv.o
       104          0          0          0          0         92   uldiv.o
        48          0          0          0          0         68   cdrcmple.o
       350          0          0          0          0        148   dadd.o
       222          0          0          0          0        100   ddiv.o
       186          0          0          0          0        176   depilogue.o
        48          0          0          0          0         68   dfixul.o
       234          0          0          0          0         96   dmul.o
        38          0          0          0          0         68   f2d.o

    ----------------------------------------------------------------------
      3856        106          0          4          0       1688   Library Totals
         6          0          0          0          0          0   (incl. Padding)

    ----------------------------------------------------------------------

      Code (inc. data)   RO Data    RW Data    ZI Data      Debug   Library Name

      2724        106          0          4          0        964   mc_w.l
      1126          0          0          0          0        724   mf_w.l

    ----------------------------------------------------------------------
      3856        106          0          4          0       1688   Library Totals

    ----------------------------------------------------------------------

==============================================================================


      Code (inc. data)   RO Data    RW Data    ZI Data      Debug   

     17552       1320        620        376       4536    1029629   Grand Totals
     17552       1320        620        100       4536    1029629   ELF Image Totals (compressed)
     17552       1320        620        100          0          0   ROM Totals

==============================================================================

    Total RO  Size (Code + RO Data)                18172 (  17.75kB)
    Total RW  Size (RW Data + ZI Data)              4912 (   4.80kB)
    Total ROM Size (Code + RO Data + RW Data)      18272 (  17.84kB)

==============================================================================

