


ARM Macro Assembler    Page 1 


    1 00000000                 AREA             test, CODE, READONLY
    2 00000000                 export           sma_asm
    3 00000000         
    4 00000000         sma_asm
    5 00000000 F04F 0904       MOV              R9, #4
    6 00000004 FB02 F209       MUL              R2, R2, R9
    7 00000008 4410            ADD              R0, R0, R2
    8 0000000A F04F 0602       MOV              R6, #2
    9 0000000E FB03 F606       MUL              R6, R3, R6
   10 00000012 EBA0 0006       SUB              R0, R0, R6
   11 00000016 F04F 0700       MOV              R7, #0
   12 0000001A F04F 0801       MOV              R8, #1
   13 0000001E         LOOP
   14 0000001E 6004            STR              R4,[R0]
   15 00000020 EE72 2A22       VADD.f32         S5, S4, S5
   16 00000024 4448            ADD              R0, R0, R9
   17 00000026 4447            ADD              R7, R8
   18 00000028 429F            CMP              R7, R3
   19 0000002A DA00            BGE              DIV_LOOP
   20 0000002C E7F7            B                LOOP
   21 0000002E         
   22 0000002E         DIV_LOOP
   23 0000002E EA4F 0363       ASR              R3, #1
   24 00000032 EA4F 0565       ASR              R5, #1
   25 00000036 2B01            CMP              R3, #1
   26 00000038 DD00            BLE              DIV_LOOP_DONE
   27 0000003A E7F8            B                DIV_LOOP
   28 0000003C         
   29 0000003C         DIV_LOOP_DONE
   30 0000003C 600D            STR              R5,[R1]
   31 0000003E 4770            BX               LR
   32 00000040         
   33 00000040                 END
Command Line: --debug --xref --diag_suppress=9931 --cpu=Cortex-M4.fp --apcs=int
erwork --depend=.\objects\sma_asm.d -o.\objects\sma_asm.o -IP:\ECSE444\G00Lab0\
RTE -IC:\Keil_v5\ARM\PACK\ARM\CMSIS\5.3.0\CMSIS\Include -IC:\Keil_v5\ARM\PACK\A
RM\CMSIS\5.3.0\Device\ARM\ARMCM4\Include --predefine="__EVAL SETA 1" --predefin
e="__UVISION_VERSION SETA 515" --predefine="_RTE_ SETA 1" --predefine="ARMCM4_F
P SETA 1" --list=.\listings\sma_asm.lst asm\sma_asm.s



ARM Macro Assembler    Page 1 Alphabetic symbol ordering
Relocatable symbols

DIV_LOOP 0000002E

Symbol: DIV_LOOP
   Definitions
      At line 22 in file asm\sma_asm.s
   Uses
      At line 19 in file asm\sma_asm.s
      At line 27 in file asm\sma_asm.s

DIV_LOOP_DONE 0000003C

Symbol: DIV_LOOP_DONE
   Definitions
      At line 29 in file asm\sma_asm.s
   Uses
      At line 26 in file asm\sma_asm.s
Comment: DIV_LOOP_DONE used once
LOOP 0000001E

Symbol: LOOP
   Definitions
      At line 13 in file asm\sma_asm.s
   Uses
      At line 20 in file asm\sma_asm.s
Comment: LOOP used once
sma_asm 00000000

Symbol: sma_asm
   Definitions
      At line 4 in file asm\sma_asm.s
   Uses
      At line 2 in file asm\sma_asm.s
Comment: sma_asm used once
test 00000000

Symbol: test
   Definitions
      At line 1 in file asm\sma_asm.s
   Uses
      None
Comment: test unused
5 symbols
340 symbols in table
