


ARM Macro Assembler    Page 1 


    1 00000000                 AREA             test, CODE, READONLY
    2 00000000         
    3 00000000                 export           asm_dp
    4 00000000         asm_dp
    5 00000000         
    6 00000000 ED2D 2A03       VPUSH            {S4-S6}
    7 00000004         
    8 00000004         LOOP
    9 00000004 ECB0 2A01       VLDR             S4, [R0], #4
   10 00000008 ECF1 2A01       VLDR             S5, [R1], #4
   11 0000000C EE02 3A22       VMLA.f32         S6, S4, S5
   12 00000010 3A01            SUBS             R2, #1
   13 00000012 DD00            BLE              LOOP_END
   14 00000014 E7F6            B                LOOP
   15 00000016         
   16 00000016         LOOP_END
   17 00000016 ED83 3A00       VSTR             S6, [R3]
   18 0000001A ECBD 2A03       VPOP             {S4-S6}
   19 0000001E 4770            BX               LR
   20 00000020         
   21 00000020                 END
Command Line: --debug --xref --diag_suppress=9931 --cpu=Cortex-M4.fp --apcs=int
erwork --depend=.\objects\asm_dp.d -o.\objects\asm_dp.o -IC:\Users\yxiong5\ECSE
444\GXX_Lab1\RTE -IC:\Keil_v5\ARM\PACK\ARM\CMSIS\5.3.0\CMSIS\Include -IC:\Keil_
v5\ARM\PACK\ARM\CMSIS\5.3.0\Device\ARM\ARMCM4\Include --predefine="__EVAL SETA 
1" --predefine="__UVISION_VERSION SETA 515" --predefine="_RTE_ SETA 1" --predef
ine="ARMCM4_FP SETA 1" --list=.\listings\asm_dp.lst asm\asm_dp.s



ARM Macro Assembler    Page 1 Alphabetic symbol ordering
Relocatable symbols

LOOP 00000004

Symbol: LOOP
   Definitions
      At line 8 in file asm\asm_dp.s
   Uses
      At line 14 in file asm\asm_dp.s
Comment: LOOP used once
LOOP_END 00000016

Symbol: LOOP_END
   Definitions
      At line 16 in file asm\asm_dp.s
   Uses
      At line 13 in file asm\asm_dp.s
Comment: LOOP_END used once
asm_dp 00000000

Symbol: asm_dp
   Definitions
      At line 4 in file asm\asm_dp.s
   Uses
      At line 3 in file asm\asm_dp.s
Comment: asm_dp used once
test 00000000

Symbol: test
   Definitions
      At line 1 in file asm\asm_dp.s
   Uses
      None
Comment: test unused
4 symbols
339 symbols in table
