


ARM Macro Assembler    Page 1 


    1 00000000                 AREA             test, CODE, READONLY
    2 00000000         
    3 00000000                 export           asm_var
    4 00000000         asm_var
    5 00000000         
    6 00000000 ED6D 1A04       VPUSH            {S3-S6}
    7 00000004 B403            PUSH             {R0-R1}
    8 00000006         
    9 00000006         LOOP_AVG
   10 00000006 ECF0 1A01       VLDR             S3, [R0], #4
   11 0000000A EE32 2A21       VADD.f32         S4, S4, S3
   12 0000000E 3901            SUBS             R1, #1
   13 00000010 DD00            BLE              LOOP_AVG_END
   14 00000012 E7F8            B                LOOP_AVG
   15 00000014         
   16 00000014         LOOP_AVG_END
   17 00000014 BC03            POP              {R0-R1}
   18 00000016 EE00 1A90       VMOV             S1, R1
   19 0000001A EEF8 0AE0       VCVT.f32.s32     S1,S1
   20 0000001E EE82 2A20       VDIV.f32         S4, S4, S1
   21 00000022 B403            PUSH             {R0-R1}
   22 00000024         
   23 00000024         LOOP_VAR
   24 00000024 ECF0 1A01       VLDR             S3, [R0], #4 ; S3 = Ai
   25 00000028 EE71 2AC2       VSUB.f32         S5, S3, S4  ; S4 = average 
   26 0000002C EE62 2AA2       VMUL.f32         S5, S5, S5
   27 00000030 EE33 3A22       VADD.f32         S6, S6, S5
   28 00000034 3901            SUBS             R1, #1
   29 00000036 DD00            BLE              LOOP_VAR_END
   30 00000038 E7F4            B                LOOP_VAR
   31 0000003A         
   32 0000003A         LOOP_VAR_END
   33 0000003A BC03            POP              {R0-R1}
   34 0000003C EEF7 2A00       VMOV.f32         S5, #1
   35 00000040 EE70 0AE2       VSUB.f32         S1, S5
   36 00000044 EE83 3A20       VDIV.f32         S6, S6, S1
   37 00000048 ED82 3A00       VSTR             S6, [R2]
   38 0000004C ECFD 1A04       VPOP             {S3-S6}
   39 00000050 4770            BX               LR
   40 00000052         
   41 00000052                 END
Command Line: --debug --xref --diag_suppress=9931 --cpu=Cortex-M4.fp --apcs=int
erwork --depend=.\objects\asm_var.d -o.\objects\asm_var.o -IC:\Users\yxiong5\EC
SE444\GXX_Lab1\RTE -IC:\Keil_v5\ARM\PACK\ARM\CMSIS\5.3.0\CMSIS\Include -IC:\Kei
l_v5\ARM\PACK\ARM\CMSIS\5.3.0\Device\ARM\ARMCM4\Include --predefine="__EVAL SET
A 1" --predefine="__UVISION_VERSION SETA 515" --predefine="_RTE_ SETA 1" --pred
efine="ARMCM4_FP SETA 1" --list=.\listings\asm_var.lst asm\asm_var.s



ARM Macro Assembler    Page 1 Alphabetic symbol ordering
Relocatable symbols

LOOP_AVG 00000006

Symbol: LOOP_AVG
   Definitions
      At line 9 in file asm\asm_var.s
   Uses
      At line 14 in file asm\asm_var.s
Comment: LOOP_AVG used once
LOOP_AVG_END 00000014

Symbol: LOOP_AVG_END
   Definitions
      At line 16 in file asm\asm_var.s
   Uses
      At line 13 in file asm\asm_var.s
Comment: LOOP_AVG_END used once
LOOP_VAR 00000024

Symbol: LOOP_VAR
   Definitions
      At line 23 in file asm\asm_var.s
   Uses
      At line 30 in file asm\asm_var.s
Comment: LOOP_VAR used once
LOOP_VAR_END 0000003A

Symbol: LOOP_VAR_END
   Definitions
      At line 32 in file asm\asm_var.s
   Uses
      At line 29 in file asm\asm_var.s
Comment: LOOP_VAR_END used once
asm_var 00000000

Symbol: asm_var
   Definitions
      At line 4 in file asm\asm_var.s
   Uses
      At line 3 in file asm\asm_var.s
Comment: asm_var used once
test 00000000

Symbol: test
   Definitions
      At line 1 in file asm\asm_var.s
   Uses
      None
Comment: test unused
6 symbols
341 symbols in table
